Component: ARM Compiler 5.06 update 6 (build 750) Tool: armlink [4d35ed]

==============================================================================

Section Cross References

    system_gd32e10x.o(i.SystemCoreClockUpdate) refers to system_gd32e10x.o(.data) for SystemCoreClock
    system_gd32e10x.o(i.SystemInit) refers to system_gd32e10x.o(i.system_clock_config) for system_clock_config
    system_gd32e10x.o(i.SystemInit) refers to gd32e10x_misc.o(i.nvic_vector_table_set) for nvic_vector_table_set
    system_gd32e10x.o(i.system_clock_config) refers to system_gd32e10x.o(i.system_clock_120m_hxtal) for system_clock_120m_hxtal
    startup_gd32e10x.o(STACK) refers (Special) to heapauxi.o(.text) for __use_two_region_memory
    startup_gd32e10x.o(HEAP) refers (Special) to heapauxi.o(.text) for __use_two_region_memory
    startup_gd32e10x.o(RESET) refers (Special) to heapauxi.o(.text) for __use_two_region_memory
    startup_gd32e10x.o(RESET) refers to startup_gd32e10x.o(STACK) for __initial_sp
    startup_gd32e10x.o(RESET) refers to startup_gd32e10x.o(.text) for Reset_Handler
    startup_gd32e10x.o(RESET) refers to gd32e10x_it.o(i.NMI_Handler) for NMI_Handler
    startup_gd32e10x.o(RESET) refers to gd32e10x_it.o(i.HardFault_Handler) for HardFault_Handler
    startup_gd32e10x.o(RESET) refers to gd32e10x_it.o(i.MemManage_Handler) for MemManage_Handler
    startup_gd32e10x.o(RESET) refers to gd32e10x_it.o(i.BusFault_Handler) for BusFault_Handler
    startup_gd32e10x.o(RESET) refers to gd32e10x_it.o(i.UsageFault_Handler) for UsageFault_Handler
    startup_gd32e10x.o(RESET) refers to gd32e10x_it.o(i.SVC_Handler) for SVC_Handler
    startup_gd32e10x.o(RESET) refers to gd32e10x_it.o(i.DebugMon_Handler) for DebugMon_Handler
    startup_gd32e10x.o(RESET) refers to gd32e10x_it.o(i.PendSV_Handler) for PendSV_Handler
    startup_gd32e10x.o(RESET) refers to gd32e10x_it.o(i.SysTick_Handler) for SysTick_Handler
    startup_gd32e10x.o(RESET) refers to main.o(i.EXTI4_IRQHandler) for EXTI4_IRQHandler
    startup_gd32e10x.o(RESET) refers to main.o(i.CAN0_RX0_IRQHandler) for CAN0_RX0_IRQHandler
    startup_gd32e10x.o(RESET) refers to main.o(i.USART1_IRQHandler) for USART1_IRQHandler
    startup_gd32e10x.o(RESET) refers to main.o(i.CAN1_RX0_IRQHandler) for CAN1_RX0_IRQHandler
    startup_gd32e10x.o(.text) refers (Special) to heapauxi.o(.text) for __use_two_region_memory
    startup_gd32e10x.o(.text) refers to system_gd32e10x.o(i.SystemInit) for SystemInit
    startup_gd32e10x.o(.text) refers to __main.o(!!!main) for __main
    startup_gd32e10x.o(.text) refers to startup_gd32e10x.o(HEAP) for Heap_Mem
    startup_gd32e10x.o(.text) refers to startup_gd32e10x.o(STACK) for Stack_Mem
    gd32e10x_adc.o(i.adc_deinit) refers to gd32e10x_rcu.o(i.rcu_periph_reset_enable) for rcu_periph_reset_enable
    gd32e10x_adc.o(i.adc_deinit) refers to gd32e10x_rcu.o(i.rcu_periph_reset_disable) for rcu_periph_reset_disable
    gd32e10x_bkp.o(i.bkp_deinit) refers to gd32e10x_rcu.o(i.rcu_bkp_reset_enable) for rcu_bkp_reset_enable
    gd32e10x_bkp.o(i.bkp_deinit) refers to gd32e10x_rcu.o(i.rcu_bkp_reset_disable) for rcu_bkp_reset_disable
    gd32e10x_can.o(i.can_debug_freeze_disable) refers to gd32e10x_dbg.o(i.dbg_periph_disable) for dbg_periph_disable
    gd32e10x_can.o(i.can_debug_freeze_enable) refers to gd32e10x_dbg.o(i.dbg_periph_enable) for dbg_periph_enable
    gd32e10x_can.o(i.can_deinit) refers to gd32e10x_rcu.o(i.rcu_periph_reset_enable) for rcu_periph_reset_enable
    gd32e10x_can.o(i.can_deinit) refers to gd32e10x_rcu.o(i.rcu_periph_reset_disable) for rcu_periph_reset_disable
    gd32e10x_can.o(i.can_fd_frequency_set) refers to gd32e10x_can.o(i.can_working_mode_set) for can_working_mode_set
    gd32e10x_can.o(i.can_fd_frequency_set) refers to gd32e10x_can.o(i.dev_can_baudrate_set) for dev_can_baudrate_set
    gd32e10x_can.o(i.can_filter_mask_mode_init) refers to gd32e10x_can.o(i.can_struct_para_init) for can_struct_para_init
    gd32e10x_can.o(i.can_filter_mask_mode_init) refers to gd32e10x_can.o(i.can_filter_init) for can_filter_init
    gd32e10x_can.o(i.can_frequency_set) refers to gd32e10x_can.o(i.can_working_mode_set) for can_working_mode_set
    gd32e10x_can.o(i.can_frequency_set) refers to gd32e10x_can.o(i.dev_can_baudrate_set) for dev_can_baudrate_set
    gd32e10x_can.o(i.can_message_receive) refers to gd32e10x_can.o(.constdata) for g_can_fdlength_table
    gd32e10x_can.o(i.can_message_transmit) refers to gd32e10x_can.o(.constdata) for g_can_fdlength_table
    gd32e10x_can.o(i.dev_can_baudrate_set) refers to gd32e10x_rcu.o(i.rcu_clock_freq_get) for rcu_clock_freq_get
    gd32e10x_can.o(i.dev_can_baudrate_set) refers to gd32e10x_can.o(.constdata) for timing_pts
    gd32e10x_ctc.o(i.ctc_deinit) refers to gd32e10x_rcu.o(i.rcu_periph_reset_enable) for rcu_periph_reset_enable
    gd32e10x_ctc.o(i.ctc_deinit) refers to gd32e10x_rcu.o(i.rcu_periph_reset_disable) for rcu_periph_reset_disable
[...]
    ..\BSP\bsp_delay.c                       0x00000000   Number         0  bsp_delay.o ABSOLUTE
    ..\BSP\bsp_dma.c                         0x00000000   Number         0  bsp_dma.o ABSOLUTE
    ..\BSP\bsp_exit.c                        0x00000000   Number         0  bsp_exit.o ABSOLUTE
    ..\BSP\bsp_gpio.c                        0x00000000   Number         0  bsp_gpio.o ABSOLUTE
    ..\BSP\bsp_spi.c                         0x00000000   Number         0  bsp_spi.o ABSOLUTE
    ..\BSP\bsp_timer.c                       0x00000000   Number         0  bsp_timer.o ABSOLUTE
    ..\BSP\bsp_uart.c                        0x00000000   Number         0  bsp_uart.o ABSOLUTE
    ..\Libraries\CMSIS\GD\GD32E10x\Source\ARM\startup_gd32e10x.s 0x00000000   Number         0  startup_gd32e10x.o ABSOLUTE
    ..\Libraries\CMSIS\GD\GD32E10x\Source\system_gd32e10x.c 0x00000000   Number         0  system_gd32e10x.o ABSOLUTE
    ..\Libraries\GD32E10x_standard_peripheral\Source\gd32e10x_adc.c 0x00000000   Number         0  gd32e10x_adc.o ABSOLUTE
    ..\Libraries\GD32E10x_standard_peripheral\Source\gd32e10x_bkp.c 0x00000000   Number         0  gd32e10x_bkp.o ABSOLUTE
    ..\Libraries\GD32E10x_standard_peripheral\Source\gd32e10x_can.c 0x00000000   Number         0  gd32e10x_can.o ABSOLUTE
    ..\Libraries\GD32E10x_standard_peripheral\Source\gd32e10x_crc.c 0x00000000   Number         0  gd32e10x_crc.o ABSOLUTE
    ..\Libraries\GD32E10x_standard_peripheral\Source\gd32e10x_ctc.c 0x00000000   Number         0  gd32e10x_ctc.o ABSOLUTE
    ..\Libraries\GD32E10x_standard_peripheral\Source\gd32e10x_dac.c 0x00000000   Number         0  gd32e10x_dac.o ABSOLUTE
    ..\Libraries\GD32E10x_standard_peripheral\Source\gd32e10x_dbg.c 0x00000000   Number         0  gd32e10x_dbg.o ABSOLUTE
    ..\Libraries\GD32E10x_standard_peripheral\Source\gd32e10x_dma.c 0x00000000   Number         0  gd32e10x_dma.o ABSOLUTE
    ..\Libraries\GD32E10x_standard_peripheral\Source\gd32e10x_exmc.c 0x00000000   Number         0  gd32e10x_exmc.o ABSOLUTE
    ..\Libraries\GD32E10x_standard_peripheral\Source\gd32e10x_exti.c 0x00000000   Number         0  gd32e10x_exti.o ABSOLUTE
    ..\Libraries\GD32E10x_standard_peripheral\Source\gd32e10x_fmc.c 0x00000000   Number         0  gd32e10x_fmc.o ABSOLUTE
    ..\Libraries\GD32E10x_standard_peripheral\Source\gd32e10x_fwdgt.c 0x00000000   Number         0  gd32e10x_fwdgt.o ABSOLUTE
    ..\Libraries\GD32E10x_standard_peripheral\Source\gd32e10x_gpio.c 0x00000000   Number         0  gd32e10x_gpio.o ABSOLUTE
    ..\Libraries\GD32E10x_standard_peripheral\Source\gd32e10x_i2c.c 0x00000000   Number         0  gd32e10x_i2c.o ABSOLUTE
    ..\Libraries\GD32E10x_standard_peripheral\Source\gd32e10x_misc.c 0x00000000   Number         0  gd32e10x_misc.o ABSOLUTE
    ..\Libraries\GD32E10x_standard_peripheral\Source\gd32e10x_pmu.c 0x00000000   Number         0  gd32e10x_pmu.o ABSOLUTE
    ..\Libraries\GD32E10x_standard_peripheral\Source\gd32e10x_rcu.c 0x00000000   Number         0  gd32e10x_rcu.o ABSOLUTE
    ..\Libraries\GD32E10x_standard_peripheral\Source\gd32e10x_rtc.c 0x00000000   Number         0  gd32e10x_rtc.o ABSOLUTE
    ..\Libraries\GD32E10x_standard_peripheral\Source\gd32e10x_spi.c 0x00000000   Number         0  gd32e10x_spi.o ABSOLUTE
    ..\Libraries\GD32E10x_standard_peripheral\Source\gd32e10x_timer.c 0x00000000   Number         0  gd32e10x_timer.o ABSOLUTE
    ..\Libraries\GD32E10x_standard_peripheral\Source\gd32e10x_usart.c 0x00000000   Number         0  gd32e10x_usart.o ABSOLUTE
    ..\Libraries\GD32E10x_standard_peripheral\Source\gd32e10x_wwdgt.c 0x00000000   Number         0  gd32e10x_wwdgt.o ABSOLUTE
    ..\User\gd32e10x_it.c                    0x00000000   Number         0  gd32e10x_it.o ABSOLUTE
    ..\User\main.c                           0x00000000   Number         0  main.o ABSOLUTE
    ..\User\math_ops.c                       0x00000000   Number         0  math_ops.o ABSOLUTE
    ..\\BSP\\BSP_Config.c                    0x00000000   Number         0  bsp_config.o ABSOLUTE
    ..\\BSP\\bsp_can.c                       0x00000000   Number         0  bsp_can.o ABSOLUTE
    ..\\BSP\\bsp_delay.c                     0x00000000   Number         0  bsp_delay.o ABSOLUTE
    ..\\BSP\\bsp_dma.c                       0x00000000   Number         0  bsp_dma.o ABSOLUTE
    ..\\BSP\\bsp_exit.c                      0x00000000   Number         0  bsp_exit.o ABSOLUTE
    ..\\BSP\\bsp_gpio.c                      0x00000000   Number         0  bsp_gpio.o ABSOLUTE
    ..\\BSP\\bsp_spi.c                       0x00000000   Number         0  bsp_spi.o ABSOLUTE
    ..\\BSP\\bsp_timer.c                     0x00000000   Number         0  bsp_timer.o ABSOLUTE
    ..\\BSP\\bsp_uart.c                      0x00000000   Number         0  bsp_uart.o ABSOLUTE
    ..\\Libraries\\CMSIS\\GD\\GD32E10x\\Source\\system_gd32e10x.c 0x00000000   Number         0  system_gd32e10x.o ABSOLUTE
    ..\\Libraries\\GD32E10x_standard_peripheral\\Source\\gd32e10x_adc.c 0x00000000   Number         0  gd32e10x_adc.o ABSOLUTE
    ..\\Libraries\\GD32E10x_standard_peripheral\\Source\\gd32e10x_bkp.c 0x00000000   Number         0  gd32e10x_bkp.o ABSOLUTE
    ..\\Libraries\\GD32E10x_standard_peripheral\\Source\\gd32e10x_can.c 0x00000000   Number         0  gd32e10x_can.o ABSOLUTE
    ..\\Libraries\\GD32E10x_standard_peripheral\\Source\\gd32e10x_crc.c 0x00000000   Number         0  gd32e10x_crc.o ABSOLUTE
    ..\\Libraries\\GD32E10x_standard_peripheral\\Source\\gd32e10x_ctc.c 0x00000000   Number         0  gd32e10x_ctc.o ABSOLUTE
    ..\\Libraries\\GD32E10x_standard_peripheral\\Source\\gd32e10x_dac.c 0x00000000   Number         0  gd32e10x_dac.o ABSOLUTE
    ..\\Libraries\\GD32E10x_standard_peripheral\\Source\\gd32e10x_dbg.c 0x00000000   Number         0  gd32e10x_dbg.o ABSOLUTE
    ..\\Libraries\\GD32E10x_standard_peripheral\\Source\\gd32e10x_dma.c 0x00000000   Number         0  gd32e10x_dma.o ABSOLUTE
    ..\\Libraries\\GD32E10x_standard_peripheral\\Source\\gd32e10x_exmc.c 0x00000000   Number         0  gd32e10x_exmc.o ABSOLUTE
    ..\\Libraries\\GD32E10x_standard_peripheral\\Source\\gd32e10x_exti.c 0x00000000   Number         0  gd32e10x_exti.o ABSOLUTE
    ..\\Libraries\\GD32E10x_standard_peripheral\\Source\\gd32e10x_fmc.c 0x00000000   Number         0  gd32e10x_fmc.o ABSOLUTE
    ..\\Libraries\\GD32E10x_standard_peripheral\\Source\\gd32e10x_fwdgt.c 0x00000000   Number         0  gd32e10x_fwdgt.o ABSOLUTE
    ..\\Libraries\\GD32E10x_standard_peripheral\\Source\\gd32e10x_gpio.c 0x00000000   Number         0  gd32e10x_gpio.o ABSOLUTE
    ..\\Libraries\\GD32E10x_standard_peripheral\\Source\\gd32e10x_i2c.c 0x00000000   Number         0  gd32e10x_i2c.o ABSOLUTE
    ..\\Libraries\\GD32E10x_standard_peripheral\\Source\\gd32e10x_misc.c 0x00000000   Number         0  gd32e10x_misc.o ABSOLUTE
    ..\\Libraries\\GD32E10x_standard_peripheral\\Source\\gd32e10x_pmu.c 0x00000000   Number         0  gd32e10x_pmu.o ABSOLUTE
    ..\\Libraries\\GD32E10x_standard_peripheral\\Source\\gd32e10x_rcu.c 0x00000000   Number         0  gd32e10x_rcu.o ABSOLUTE
    ..\\Libraries\\GD32E10x_standard_peripheral\\Source\\gd32e10x_rtc.c 0x00000000   Number         0  gd32e10x_rtc.o ABSOLUTE
    ..\\Libraries\\GD32E10x_standard_peripheral\\Source\\gd32e10x_spi.c 0x00000000   Number         0  gd32e10x_spi.o ABSOLUTE
    ..\\Libraries\\GD32E10x_standard_peripheral\\Source\\gd32e10x_timer.c 0x00000000   Number         0  gd32e10x_timer.o ABSOLUTE
    ..\\Libraries\\GD32E10x_standard_peripheral\\Source\\gd32e10x_usart.c 0x00000000   Number         0  gd32e10x_usart.o ABSOLUTE
    ..\\Libraries\\GD32E10x_standard_peripheral\\Source\\gd32e10x_wwdgt.c 0x00000000   Number         0  gd32e10x_wwdgt.o ABSOLUTE
    ..\\User\\gd32e10x_it.c                  0x00000000   Number         0  gd32e10x_it.o ABSOLUTE
    ..\\User\\main.c                         0x00000000   Number         0  main.o ABSOLUTE
    dc.s                                     0x00000000   Number         0  dc.o ABSOLUTE
    RESET                                    0x08000000   Section      336  startup_gd32e10x.o(RESET)
    !!!main                                  0x08000150   Section        8  __main.o(!!!main)
    !!!scatter                               0x08000158   Section       52  __scatter.o(!!!scatter)
    !!handler_copy                           0x0800018c   Section       26  __scatter_copy.o(!!handler_copy)
    !!handler_zi                             0x080001a8   Section       28  __scatter_zi.o(!!handler_zi)
    .ARM.Collect$$_printf_percent$$00000000  0x080001c4   Section        0  _printf_percent.o(.ARM.Collect$$_printf_percent$$00000000)
    .ARM.Collect$$_printf_percent$$00000017  0x080001c4   Section        4  _printf_percent_end.o(.ARM.Collect$$_printf_percent$$00000017)
    .ARM.Collect$$libinit$$00000000          0x080001c8   Section        2  libinit.o(.ARM.Collect$$libinit$$00000000)
    .ARM.Collect$$libinit$$00000001          0x080001ca   Section        4  libinit2.o(.ARM.Collect$$libinit$$00000001)
    .ARM.Collect$$libinit$$00000004          0x080001ce   Section        0  libinit2.o(.ARM.Collect$$libinit$$00000004)
    .ARM.Collect$$libinit$$0000000A          0x080001ce   Section        0  libinit2.o(.ARM.Collect$$libinit$$0000000A)
    .ARM.Collect$$libinit$$0000000C          0x080001ce   Section        0  libinit2.o(.ARM.Collect$$libinit$$0000000C)
    .ARM.Collect$$libinit$$0000000E          0x080001ce   Section        0  libinit2.o(.ARM.Collect$$libinit$$0000000E)
    .ARM.Collect$$libinit$$00000011          0x080001ce   Section        0  libinit2.o(.ARM.Collect$$libinit$$00000011)
    .ARM.Collect$$libinit$$00000013          0x080001ce   Section        0  libinit2.o(.ARM.Collect$$libinit$$00000013)
    .ARM.Collect$$libinit$$00000015          0x080001ce   Section        0  libinit2.o(.ARM.Collect$$libinit$$00000015)
    .ARM.Collect$$libinit$$00000017          0x080001ce   Section        0  libinit2.o(.ARM.Collect$$libinit$$00000017)
    .ARM.Collect$$libinit$$00000019          0x080001ce   Section        0  libinit2.o(.ARM.Collect$$libinit$$00000019)
    .ARM.Collect$$libinit$$0000001B          0x080001ce   Section        0  libinit2.o(.ARM.Collect$$libinit$$0000001B)
    .ARM.Collect$$libinit$$0000001D          0x080001ce   Section        0  libinit2.o(.ARM.Collect$$libinit$$0000001D)
    .ARM.Collect$$libinit$$0000001F          0x080001ce   Section        0  libinit2.o(.ARM.Collect$$libinit$$0000001F)
    .ARM.Collect$$libinit$$00000021          0x080001ce   Section        0  libinit2.o(.ARM.Collect$$libinit$$00000021)
    .ARM.Collect$$libinit$$00000023          0x080001ce   Section        0  libinit2.o(.ARM.Collect$$libinit$$00000023)
    .ARM.Collect$$libinit$$00000025          0x080001ce   Section        0  libinit2.o(.ARM.Collect$$libinit$$00000025)
    .ARM.Collect$$libinit$$0000002C          0x080001ce   Section        0  libinit2.o(.ARM.Collect$$libinit$$0000002C)
    .ARM.Collect$$libinit$$0000002E          0x080001ce   Section        0  libinit2.o(.ARM.Collect$$libinit$$0000002E)
    .ARM.Collect$$libinit$$00000030          0x080001ce   Section        0  libinit2.o(.ARM.Collect$$libinit$$00000030)
    .ARM.Collect$$libinit$$00000032          0x080001ce   Section        0  libinit2.o(.ARM.Collect$$libinit$$00000032)
    .ARM.Collect$$libinit$$00000033          0x080001ce   Section        2  libinit2.o(.ARM.Collect$$libinit$$00000033)
    .ARM.Collect$$libshutdown$$00000000      0x080001d0   Section        2  libshutdown.o(.ARM.Collect$$libshutdown$$00000000)
    .ARM.Collect$$libshutdown$$00000002      0x080001d2   Section        0  libshutdown2.o(.ARM.Collect$$libshutdown$$00000002)
    .ARM.Collect$$libshutdown$$00000004      0x080001d2   Section        0  libshutdown2.o(.ARM.Collect$$libshutdown$$00000004)
    .ARM.Collect$$libshutdown$$00000007      0x080001d2   Section        0  libshutdown2.o(.ARM.Collect$$libshutdown$$00000007)
    .ARM.Collect$$libshutdown$$0000000A      0x080001d2   Section        0  libshutdown2.o(.ARM.Collect$$libshutdown$$0000000A)
    .ARM.Collect$$libshutdown$$0000000C      0x080001d2   Section        0  libshutdown2.o(.ARM.Collect$$libshutdown$$0000000C)
    .ARM.Collect$$libshutdown$$0000000F      0x080001d2   Section        0  libshutdown2.o(.ARM.Collect$$libshutdown$$0000000F)
    .ARM.Collect$$libshutdown$$00000010      0x080001d2   Section        2  libshutdown2.o(.ARM.Collect$$libshutdown$$00000010)
    .ARM.Collect$$rtentry$$00000000          0x080001d4   Section        0  __rtentry.o(.ARM.Collect$$rtentry$$00000000)
    .ARM.Collect$$rtentry$$00000002          0x080001d4   Section        0  __rtentry2.o(.ARM.Collect$$rtentry$$00000002)
    .ARM.Collect$$rtentry$$00000004          0x080001d4   Section        6  __rtentry4.o(.ARM.Collect$$rtentry$$00000004)
    .ARM.Collect$$rtentry$$00000009          0x080001da   Section        0  __rtentry2.o(.ARM.Collect$$rtentry$$00000009)
    .ARM.Collect$$rtentry$$0000000A          0x080001da   Section        4  __rtentry2.o(.ARM.Collect$$rtentry$$0000000A)
    .ARM.Collect$$rtentry$$0000000C          0x080001de   Section        0  __rtentry2.o(.ARM.Collect$$rtentry$$0000000C)
    .ARM.Collect$$rtentry$$0000000D          0x080001de   Section        8  __rtentry2.o(.ARM.Collect$$rtentry$$0000000D)
    .ARM.Collect$$rtexit$$00000000           0x080001e6   Section        2  rtexit.o(.ARM.Collect$$rtexit$$00000000)
    .ARM.Collect$$rtexit$$00000002           0x080001e8   Section        0  rtexit2.o(.ARM.Collect$$rtexit$$00000002)
    .ARM.Collect$$rtexit$$00000003           0x080001e8   Section        4  rtexit2.o(.ARM.Collect$$rtexit$$00000003)
    .ARM.Collect$$rtexit$$00000004           0x080001ec   Section        6  rtexit2.o(.ARM.Collect$$rtexit$$00000004)
    .text                                    0x080001f4   Section       64  startup_gd32e10x.o(.text)
    $v0                                      0x080001f4   Number         0  startup_gd32e10x.o(.text)
    .text                                    0x08000234   Section        2  use_no_semi_2.o(.text)
    .text                                    0x08000238   Section        0  noretval__2printf.o(.text)
    .text                                    0x08000250   Section        0  __printf_wp.o(.text)
    .text                                    0x0800035e   Section      138  rt_memcpy_v6.o(.text)
    .text                                    0x080003e8   Section       68  rt_memclr.o(.text)
    .text                                    0x0800042c   Section       78  rt_memclr_w.o(.text)
    .text                                    0x0800047a   Section        0  heapauxi.o(.text)
    .text                                    0x08000480   Section        2  use_no_semi.o(.text)
    .text                                    0x08000484   Section        0  _printf_char_file.o(.text)
    .text                                    0x080004a8   Section      100  rt_memcpy_w.o(.text)
    .text                                    0x0800050c   Section        0  _printf_char_common.o(.text)
    _printf_input_char                       0x0800050d   Thumb Code    10  _printf_char_common.o(.text)
    .text                                    0x0800053c   Section        0  ferror.o(.text)
    .text                                    0x08000544   Section        8  libspace.o(.text)
    .text                                    0x0800054c   Section       74  sys_stackheap_outer.o(.text)
    .text                                    0x08000596   Section        0  exit.o(.text)
    i.BusFault_Handler                       0x080005a8   Section        0  gd32e10x_it.o(i.BusFault_Handler)
    i.CAN0_RX0_IRQHandler                    0x080005ac   Section        0  main.o(i.CAN0_RX0_IRQHandler)
    i.CAN1_RX0_IRQHandler                    0x080005d0   Section        0  main.o(i.CAN1_RX0_IRQHandler)
    i.DebugMon_Handler                       0x080005f4   Section        0  gd32e10x_it.o(i.DebugMon_Handler)
    i.EXTI4_IRQHandler                       0x080005f8   Section        0  main.o(i.EXTI4_IRQHandler)
    i.EnterMotorMode                         0x080006b4   Section        0  main.o(i.EnterMotorMode)
    i.ExitMotorMode                          0x080006cc   Section        0  main.o(i.ExitMotorMode)
    i.HardFault_Handler                      0x080006e4   Section        0  gd32e10x_it.o(i.HardFault_Handler)
    i.MemManage_Handler                      0x080006e8   Section        0  gd32e10x_it.o(i.MemManage_Handler)
    i.NMI_Handler                            0x080006ec   Section        0  gd32e10x_it.o(i.NMI_Handler)
    i.PackAll                                0x080006f0   Section        0  main.o(i.PackAll)
    i.PendSV_Handler                         0x08000794   Section        0  gd32e10x_it.o(i.PendSV_Handler)
    i.SVC_Handler                            0x08000796   Section        0  gd32e10x_it.o(i.SVC_Handler)
    i.SysTick_Handler                        0x08000798   Section        0  gd32e10x_it.o(i.SysTick_Handler)
    i.SystemInit                             0x0800079c   Section        0  system_gd32e10x.o(i.SystemInit)
    i.USART1_IRQHandler                      0x080007f4   Section        0  main.o(i.USART1_IRQHandler)
    i.UsageFault_Handler                     0x08000958   Section        0  gd32e10x_it.o(i.UsageFault_Handler)
    i.WriteAll                               0x0800095c   Section        0  main.o(i.WriteAll)
    i.Zero                                   0x080009b0   Section        0  main.o(i.Zero)
    i.ZeroMode                               0x080009d0   Section        0  main.o(i.ZeroMode)
    i.__hardfp_fmaxf                         0x080009e8   Section        0  math_ops.o(i.__hardfp_fmaxf)
    i.__hardfp_fminf                         0x08000a02   Section        0  math_ops.o(i.__hardfp_fminf)
    i._is_digit                              0x08000a1c   Section        0  __printf_wp.o(i._is_digit)
    i._sys_exit                              0x08000a2a   Section        0  bsp_uart.o(i._sys_exit)
    i.board_init                             0x08000a30   Section        0  bsp_config.o(i.board_init)
    i.bsp_can_init                           0x08000a58   Section        0  bsp_can.o(i.bsp_can_init)
    i.bsp_delay_init                         0x08000bc0   Section        0  bsp_delay.o(i.bsp_delay_init)
    i.bsp_delay_us                           0x08000c38   Section        0  bsp_delay.o(i.bsp_delay_us)
    i.bsp_exit_init                          0x08000c5c   Section        0  bsp_exit.o(i.bsp_exit_init)
    i.bsp_gpio_init                          0x08000c64   Section        0  bsp_gpio.o(i.bsp_gpio_init)
    i.bsp_spi_init                           0x08000cd0   Section        0  bsp_spi.o(i.bsp_spi_init)
    i.bsp_uart_init                          0x08000d58   Section        0  bsp_uart.o(i.bsp_uart_init)
    i.can0_rxdMsg                            0x08000df8   Section        0  bsp_can.o(i.can0_rxdMsg)
    i.can0_txdMsg                            0x08000e24   Section        0  bsp_can.o(i.can0_txdMsg)
    i.can1_filter_start_bank                 0x08000e4c   Section        0  gd32e10x_can.o(i.can1_filter_start_bank)
    i.can1_rxdMsg                            0x08000e84   Section        0  bsp_can.o(i.can1_rxdMsg)
    i.can1_txdMsg                            0x08000eb0   Section        0  bsp_can.o(i.can1_txdMsg)
    i.can_deinit                             0x08000ed8   Section        0  gd32e10x_can.o(i.can_deinit)
    i.can_filter_init                        0x08000f0c   Section        0  gd32e10x_can.o(i.can_filter_init)
    i.can_filter_mask_mode_init              0x0800101c   Section        0  gd32e10x_can.o(i.can_filter_mask_mode_init)
    i.can_frequency_set                      0x08001124   Section        0  gd32e10x_can.o(i.can_frequency_set)
    i.can_init                               0x08001170   Section        0  gd32e10x_can.o(i.can_init)
    i.can_interrupt_enable                   0x080012a8   Section        0  gd32e10x_can.o(i.can_interrupt_enable)
    i.can_message_receive                    0x080012b0   Section        0  gd32e10x_can.o(i.can_message_receive)
    i.can_message_transmit                   0x08001474   Section        0  gd32e10x_can.o(i.can_message_transmit)
    i.can_struct_para_init                   0x080016e8   Section        0  gd32e10x_can.o(i.can_struct_para_init)
    i.can_working_mode_set                   0x080017ca   Section        0  gd32e10x_can.o(i.can_working_mode_set)
    i.control                                0x08001874   Section        0  main.o(i.control)
    i.delay                                  0x08001cf4   Section        0  bsp_delay.o(i.delay)
    i.dev_can_baudrate_set                   0x08001d3c   Section        0  gd32e10x_can.o(i.dev_can_baudrate_set)
    dev_can_baudrate_set                     0x08001d3d   Thumb Code   134  gd32e10x_can.o(i.dev_can_baudrate_set)
    i.dma0_ch1_config                        0x08001dc8   Section        0  bsp_dma.o(i.dma0_ch1_config)
    i.dma0_ch2_config                        0x08001e20   Section        0  bsp_dma.o(i.dma0_ch2_config)
    i.dma_circulation_disable                0x08001e7c   Section        0  gd32e10x_dma.o(i.dma_circulation_disable)
    i.dma_circulation_enable                 0x08001eae   Section        0  gd32e10x_dma.o(i.dma_circulation_enable)
    i.dma_deinit                             0x08001ee0   Section        0  gd32e10x_dma.o(i.dma_deinit)
    i.dma_init                               0x08001f50   Section        0  gd32e10x_dma.o(i.dma_init)
    i.dma_periph_and_channel_check           0x08002080   Section        0  gd32e10x_dma.o(i.dma_periph_and_channel_check)
    dma_periph_and_channel_check             0x08002081   Thumb Code    18  gd32e10x_dma.o(i.dma_periph_and_channel_check)
    i.exit4_init                             0x08002098   Section        0  bsp_exit.o(i.exit4_init)
    i.exti_init                              0x080020c0   Section        0  gd32e10x_exti.o(i.exti_init)
    i.exti_interrupt_flag_clear              0x08002178   Section        0  gd32e10x_exti.o(i.exti_interrupt_flag_clear)
    i.float_to_uint                          0x08002184   Section        0  math_ops.o(i.float_to_uint)
    i.fputc                                  0x080021b8   Section        0  bsp_uart.o(i.fputc)
    i.gpio_exti_source_select                0x080021dc   Section        0  gd32e10x_gpio.o(i.gpio_exti_source_select)
    i.gpio_init                              0x08002274   Section        0  gd32e10x_gpio.o(i.gpio_init)
    i.gpio_pin_remap_config                  0x08002330   Section        0  gd32e10x_gpio.o(i.gpio_pin_remap_config)
    i.main                                   0x080023c0   Section        0  main.o(i.main)
    i.nvic_irq_enable                        0x0800252c   Section        0  gd32e10x_misc.o(i.nvic_irq_enable)
    i.nvic_priority_group_set                0x080025d8   Section        0  gd32e10x_misc.o(i.nvic_priority_group_set)
    i.nvic_vector_table_set                  0x080025ec   Section        0  gd32e10x_misc.o(i.nvic_vector_table_set)
    i.pack_cmd                               0x08002600   Section        0  main.o(i.pack_cmd)
    i.rcu_clock_freq_get                     0x08002760   Section        0  gd32e10x_rcu.o(i.rcu_clock_freq_get)
    i.rcu_periph_clock_enable                0x080028e4   Section        0  gd32e10x_rcu.o(i.rcu_periph_clock_enable)
    i.rcu_periph_reset_disable               0x08002904   Section        0  gd32e10x_rcu.o(i.rcu_periph_reset_disable)
    i.rcu_periph_reset_enable                0x08002924   Section        0  gd32e10x_rcu.o(i.rcu_periph_reset_enable)
    i.softstop_joint                         0x08002944   Section        0  main.o(i.softstop_joint)
    i.spi_dma_enable                         0x0800294a   Section        0  gd32e10x_spi.o(i.spi_dma_enable)
    i.spi_enable                             0x08002960   Section        0  gd32e10x_spi.o(i.spi_enable)
    i.spi_i2s_data_receive                   0x0800296a   Section        0  gd32e10x_spi.o(i.spi_i2s_data_receive)
    i.spi_i2s_data_transmit                  0x08002972   Section        0  gd32e10x_spi.o(i.spi_i2s_data_transmit)
    i.spi_i2s_deinit                         0x08002978   Section        0  gd32e10x_spi.o(i.spi_i2s_deinit)
    i.spi_init                               0x080029d0   Section        0  gd32e10x_spi.o(i.spi_init)
    i.spi_struct_para_init                   0x08002a02   Section        0  gd32e10x_spi.o(i.spi_struct_para_init)
    i.system_clock_120m_hxtal                0x08002a14   Section        0  system_gd32e10x.o(i.system_clock_120m_hxtal)
    system_clock_120m_hxtal                  0x08002a15   Thumb Code   226  system_gd32e10x.o(i.system_clock_120m_hxtal)
    i.system_clock_config                    0x08002b10   Section        0  system_gd32e10x.o(i.system_clock_config)
    system_clock_config                      0x08002b11   Thumb Code     8  system_gd32e10x.o(i.system_clock_config)
    i.systick_clksource_set                  0x08002b18   Section        0  gd32e10x_misc.o(i.systick_clksource_set)
    i.tickGet                                0x08002b40   Section        0  bsp_delay.o(i.tickGet)
    i.tickReset                              0x08002b98   Section        0  bsp_delay.o(i.tickReset)
    i.uint_to_float                          0x08002bb4   Section        0  math_ops.o(i.uint_to_float)
    i.unpack_reply                           0x08002be8   Section        0  main.o(i.unpack_reply)
    i.usart_baudrate_set                     0x08002ca0   Section        0  gd32e10x_usart.o(i.usart_baudrate_set)
    i.usart_data_receive                     0x08002d30   Section        0  gd32e10x_usart.o(i.usart_data_receive)
    i.usart_data_transmit                    0x08002d3a   Section        0  gd32e10x_usart.o(i.usart_data_transmit)
    i.usart_deinit                           0x08002d44   Section        0  gd32e10x_usart.o(i.usart_deinit)
    i.usart_enable                           0x08002dd4   Section        0  gd32e10x_usart.o(i.usart_enable)
    i.usart_flag_get                         0x08002dde   Section        0  gd32e10x_usart.o(i.usart_flag_get)
    i.usart_hardware_flow_cts_config         0x08002dfc   Section        0  gd32e10x_usart.o(i.usart_hardware_flow_cts_config)
    i.usart_hardware_flow_rts_config         0x08002e0c   Section        0  gd32e10x_usart.o(i.usart_hardware_flow_rts_config)
    i.usart_interrupt_enable                 0x08002e1c   Section        0  gd32e10x_usart.o(i.usart_interrupt_enable)
    i.usart_interrupt_flag_get               0x08002e36   Section        0  gd32e10x_usart.o(i.usart_interrupt_flag_get)
    i.usart_parity_config                    0x08002e6e   Section        0  gd32e10x_usart.o(i.usart_parity_config)
    i.usart_receive_config                   0x08002e7e   Section        0  gd32e10x_usart.o(i.usart_receive_config)
    i.usart_stop_bit_set                     0x08002e8e   Section        0  gd32e10x_usart.o(i.usart_stop_bit_set)
    i.usart_transmit_config                  0x08002e9e   Section        0  gd32e10x_usart.o(i.usart_transmit_config)
    i.usart_word_length_set                  0x08002eae   Section        0  gd32e10x_usart.o(i.usart_word_length_set)
    i.xor_checksum                           0x08002ebe   Section        0  main.o(i.xor_checksum)
    x$fpl$dfltu                              0x08002ed8   Section       38  dflt_clz.o(x$fpl$dfltu)
    $v0                                      0x08002ed8   Number         0  dflt_clz.o(x$fpl$dfltu)
    x$fpl$dmul                               0x08002f00   Section      340  dmul.o(x$fpl$dmul)
    $v0                                      0x08002f00   Number         0  dmul.o(x$fpl$dmul)
    x$fpl$dnaninf                            0x08003054   Section      156  dnaninf.o(x$fpl$dnaninf)
    $v0                                      0x08003054   Number         0  dnaninf.o(x$fpl$dnaninf)
    x$fpl$dretinf                            0x080030f0   Section       12  dretinf.o(x$fpl$dretinf)
    $v0                                      0x080030f0   Number         0  dretinf.o(x$fpl$dretinf)
    x$fpl$f2d                                0x080030fc   Section       86  f2d.o(x$fpl$f2d)
    $v0                                      0x080030fc   Number         0  f2d.o(x$fpl$f2d)
    x$fpl$fnaninf                            0x08003152   Section      140  fnaninf.o(x$fpl$fnaninf)
    $v0                                      0x08003152   Number         0  fnaninf.o(x$fpl$fnaninf)
    x$fpl$fpinit                             0x080031de   Section       10  fpinit.o(x$fpl$fpinit)
    $v0                                      0x080031de   Number         0  fpinit.o(x$fpl$fpinit)
    x$fpl$llufromd                           0x080031e8   Section      120  dfixull.o(x$fpl$llufromd)
    $v0                                      0x080031e8   Number         0  dfixull.o(x$fpl$llufromd)
    .constdata                               0x08003260   Section      192  gd32e10x_can.o(.constdata)
    x$fpl$usenofp                            0x08003260   Section        0  usenofp.o(x$fpl$usenofp)
    timing_pts                               0x08003268   Data         184  gd32e10x_can.o(.constdata)
    .data                                    0x20000000   Section        4  system_gd32e10x.o(.data)
    .data                                    0x20000004   Section       16  bsp_can.o(.data)
    .data                                    0x20000018   Section       24  bsp_delay.o(.data)
    fac_us                                   0x20000018   Data           1  bsp_delay.o(.data)
    fac_ms                                   0x2000001a   Data           2  bsp_delay.o(.data)
    reload                                   0x2000001c   Data           4  bsp_delay.o(.data)
    tickBak                                  0x20000020   Data           4  bsp_delay.o(.data)
    tickTotal                                0x20000028   Data           8  bsp_delay.o(.data)
    .data                                    0x20000030   Section        4  bsp_uart.o(.data)
    .data                                    0x20000034   Section       28  main.o(.data)
    .bss                                     0x20000050   Section      320  bsp_can.o(.bss)
    .bss                                     0x20000190   Section      808  main.o(.bss)
    .bss                                     0x200004b8   Section       96  libspace.o(.bss)
    HEAP                                     0x20000518   Section     1024  startup_gd32e10x.o(HEAP)
    Heap_Mem                                 0x20000518   Data        1024  startup_gd32e10x.o(HEAP)
    STACK                                    0x20000918   Section     1024  startup_gd32e10x.o(STACK)
    Stack_Mem                                0x20000918   Data        1024  startup_gd32e10x.o(STACK)
    __initial_sp                             0x20000d18   Data           0  startup_gd32e10x.o(STACK)

    Global Symbols

    Symbol Name                              Value     Ov Type        Size  Object(Section)

    BuildAttributes$$THM_ISAv4$E$P$D$K$B$S$7EM$VFPi3$EXTD16$VFPS$VFMA$PE$A:L22UL41UL21$X:L11$S22US41US21$IEEE1$IW$USESV6$~STKCKD$USESV7$~SHL$OTIME$ROPI$IEEEJ$EBA8$UX$STANDARDLIB$REQ8$PRES8$EABIv2 0x00000000   Number         0  anon$$obj.o ABSOLUTE
    __ARM_use_no_argv                        0x00000000   Number         0  main.o ABSOLUTE
    _printf_flags                            0x00000000   Number         0  printf_stubs.o ABSOLUTE
    _printf_return_value                     0x00000000   Number         0  printf_stubs.o ABSOLUTE
    _printf_sizespec                         0x00000000   Number         0  printf_stubs.o ABSOLUTE
    _printf_widthprec                        0x00000000   Number         0  printf_stubs.o ABSOLUTE
    __ARM_exceptions_init                     - Undefined Weak Reference
    __alloca_initialize                       - Undefined Weak Reference
    __arm_preinit_                            - Undefined Weak Reference
    __cpp_initialize__aeabi_                  - Undefined Weak Reference
    __cxa_finalize                            - Undefined Weak Reference
    __sigvec_lookup                           - Undefined Weak Reference
    _atexit_init                              - Undefined Weak Reference
    _call_atexit_fns                          - Undefined Weak Reference
    _clock_init                               - Undefined Weak Reference
    _fp_trap_init                             - Undefined Weak Reference
    _fp_trap_shutdown                         - Undefined Weak Reference
    _get_lc_collate                           - Undefined Weak Reference
    _get_lc_ctype                             - Undefined Weak Reference
    _get_lc_monetary                          - Undefined Weak Reference
    _get_lc_time                              - Undefined Weak Reference
    _getenv_init                              - Undefined Weak Reference
    _handle_redirection                       - Undefined Weak Reference
    _init_alloc                               - Undefined Weak Reference
    _init_user_alloc                          - Undefined Weak Reference
    _initio                                   - Undefined Weak Reference
    _mutex_acquire                            - Undefined Weak Reference
    _mutex_release                            - Undefined Weak Reference
    _printf_post_padding                      - Undefined Weak Reference
    _printf_pre_padding                       - Undefined Weak Reference
    _rand_init                                - Undefined Weak Reference
    _signal_finish                            - Undefined Weak Reference
    _signal_init                              - Undefined Weak Reference
    _terminate_alloc                          - Undefined Weak Reference
    _terminate_user_alloc                     - Undefined Weak Reference
    _terminateio                              - Undefined Weak Reference
    __Vectors_Size                           0x00000150   Number         0  startup_gd32e10x.o ABSOLUTE
    __Vectors                                0x08000000   Data           4  startup_gd32e10x.o(RESET)
    __Vectors_End                            0x08000150   Data           0  startup_gd32e10x.o(RESET)
    __main                                   0x08000151   Thumb Code     8  __main.o(!!!main)
    __scatterload                            0x08000159   Thumb Code     0  __scatter.o(!!!scatter)
    __scatterload_rt2                        0x08000159   Thumb Code    44  __scatter.o(!!!scatter)
    __scatterload_rt2_thumb_only             0x08000159   Thumb Code     0  __scatter.o(!!!scatter)
    __scatterload_null                       0x08000167   Thumb Code     0  __scatter.o(!!!scatter)
    __scatterload_copy                       0x0800018d   Thumb Code    26  __scatter_copy.o(!!handler_copy)
    __scatterload_zeroinit                   0x080001a9   Thumb Code    28  __scatter_zi.o(!!handler_zi)
    _printf_percent                          0x080001c5   Thumb Code     0  _printf_percent.o(.ARM.Collect$$_printf_percent$$00000000)
    _printf_percent_end                      0x080001c5   Thumb Code     0  _printf_percent_end.o(.ARM.Collect$$_printf_percent$$00000017)
    __rt_lib_init                            0x080001c9   Thumb Code     0  libinit.o(.ARM.Collect$$libinit$$00000000)
    __rt_lib_init_fp_1                       0x080001cb   Thumb Code     0  libinit2.o(.ARM.Collect$$libinit$$00000001)
    __rt_lib_init_alloca_1                   0x080001cf   Thumb Code     0  libinit2.o(.ARM.Collect$$libinit$$0000002E)
    __rt_lib_init_argv_1                     0x080001cf   Thumb Code     0  libinit2.o(.ARM.Collect$$libinit$$0000002C)
    __rt_lib_init_atexit_1                   0x080001cf   Thumb Code     0  libinit2.o(.ARM.Collect$$libinit$$0000001B)
    __rt_lib_init_clock_1                    0x080001cf   Thumb Code     0  libinit2.o(.ARM.Collect$$libinit$$00000021)
    __rt_lib_init_cpp_1                      0x080001cf   Thumb Code     0  libinit2.o(.ARM.Collect$$libinit$$00000032)
    __rt_lib_init_exceptions_1               0x080001cf   Thumb Code     0  libinit2.o(.ARM.Collect$$libinit$$00000030)
    __rt_lib_init_fp_trap_1                  0x080001cf   Thumb Code     0  libinit2.o(.ARM.Collect$$libinit$$0000001F)
    __rt_lib_init_getenv_1                   0x080001cf   Thumb Code     0  libinit2.o(.ARM.Collect$$libinit$$00000023)
    __rt_lib_init_heap_1                     0x080001cf   Thumb Code     0  libinit2.o(.ARM.Collect$$libinit$$0000000A)
    __rt_lib_init_lc_collate_1               0x080001cf   Thumb Code     0  libinit2.o(.ARM.Collect$$libinit$$00000011)
    __rt_lib_init_lc_ctype_1                 0x080001cf   Thumb Code     0  libinit2.o(.ARM.Collect$$libinit$$00000013)
    __rt_lib_init_lc_monetary_1              0x080001cf   Thumb Code     0  libinit2.o(.ARM.Collect$$libinit$$00000015)
    __rt_lib_init_lc_numeric_1               0x080001cf   Thumb Code     0  libinit2.o(.ARM.Collect$$libinit$$00000017)
    __rt_lib_init_lc_time_1                  0x080001cf   Thumb Code     0  libinit2.o(.ARM.Collect$$libinit$$00000019)
    __rt_lib_init_preinit_1                  0x080001cf   Thumb Code     0  libinit2.o(.ARM.Collect$$libinit$$00000004)
    __rt_lib_init_rand_1                     0x080001cf   Thumb Code     0  libinit2.o(.ARM.Collect$$libinit$$0000000E)
    __rt_lib_init_return                     0x080001cf   Thumb Code     0  libinit2.o(.ARM.Collect$$libinit$$00000033)
    __rt_lib_init_signal_1                   0x080001cf   Thumb Code     0  libinit2.o(.ARM.Collect$$libinit$$0000001D)
    __rt_lib_init_stdio_1                    0x080001cf   Thumb Code     0  libinit2.o(.ARM.Collect$$libinit$$00000025)
    __rt_lib_init_user_alloc_1               0x080001cf   Thumb Code     0  libinit2.o(.ARM.Collect$$libinit$$0000000C)
    __rt_lib_shutdown                        0x080001d1   Thumb Code     0  libshutdown.o(.ARM.Collect$$libshutdown$$00000000)
    __rt_lib_shutdown_cpp_1                  0x080001d3   Thumb Code     0  libshutdown2.o(.ARM.Collect$$libshutdown$$00000002)
    __rt_lib_shutdown_fp_trap_1              0x080001d3   Thumb Code     0  libshutdown2.o(.ARM.Collect$$libshutdown$$00000007)
    __rt_lib_shutdown_heap_1                 0x080001d3   Thumb Code     0  libshutdown2.o(.ARM.Collect$$libshutdown$$0000000F)
    __rt_lib_shutdown_return                 0x080001d3   Thumb Code     0  libshutdown2.o(.ARM.Collect$$libshutdown$$00000010)
    __rt_lib_shutdown_signal_1               0x080001d3   Thumb Code     0  libshutdown2.o(.ARM.Collect$$libshutdown$$0000000A)
    __rt_lib_shutdown_stdio_1                0x080001d3   Thumb Code     0  libshutdown2.o(.ARM.Collect$$libshutdown$$00000004)
    __rt_lib_shutdown_user_alloc_1           0x080001d3   Thumb Code     0  libshutdown2.o(.ARM.Collect$$libshutdown$$0000000C)
    __rt_entry                               0x080001d5   Thumb Code     0  __rtentry.o(.ARM.Collect$$rtentry$$00000000)
    __rt_entry_presh_1                       0x080001d5   Thumb Code     0  __rtentry2.o(.ARM.Collect$$rtentry$$00000002)
    __rt_entry_sh                            0x080001d5   Thumb Code     0  __rtentry4.o(.ARM.Collect$$rtentry$$00000004)
    __rt_entry_li                            0x080001db   Thumb Code     0  __rtentry2.o(.ARM.Collect$$rtentry$$0000000A)
    __rt_entry_postsh_1                      0x080001db   Thumb Code     0  __rtentry2.o(.ARM.Collect$$rtentry$$00000009)
    __rt_entry_main                          0x080001df   Thumb Code     0  __rtentry2.o(.ARM.Collect$$rtentry$$0000000D)
    __rt_entry_postli_1                      0x080001df   Thumb Code     0  __rtentry2.o(.ARM.Collect$$rtentry$$0000000C)
    __rt_exit                                0x080001e7   Thumb Code     0  rtexit.o(.ARM.Collect$$rtexit$$00000000)
    __rt_exit_ls                             0x080001e9   Thumb Code     0  rtexit2.o(.ARM.Collect$$rtexit$$00000003)
    __rt_exit_prels_1                        0x080001e9   Thumb Code     0  rtexit2.o(.ARM.Collect$$rtexit$$00000002)
    __rt_exit_exit                           0x080001ed   Thumb Code     0  rtexit2.o(.ARM.Collect$$rtexit$$00000004)
    Reset_Handler                            0x080001f5   Thumb Code     8  startup_gd32e10x.o(.text)
    ADC0_1_IRQHandler                        0x0800020f   Thumb Code     0  startup_gd32e10x.o(.text)
    CAN0_EWMC_IRQHandler                     0x0800020f   Thumb Code     0  startup_gd32e10x.o(.text)
    CAN0_RX1_IRQHandler                      0x0800020f   Thumb Code     0  startup_gd32e10x.o(.text)
    CAN0_TX_IRQHandler                       0x0800020f   Thumb Code     0  startup_gd32e10x.o(.text)
    CAN1_EWMC_IRQHandler                     0x0800020f   Thumb Code     0  startup_gd32e10x.o(.text)
    CAN1_RX1_IRQHandler                      0x0800020f   Thumb Code     0  startup_gd32e10x.o(.text)
    CAN1_TX_IRQHandler                       0x0800020f   Thumb Code     0  startup_gd32e10x.o(.text)
    DMA0_Channel0_IRQHandler                 0x0800020f   Thumb Code     0  startup_gd32e10x.o(.text)
    DMA0_Channel1_IRQHandler                 0x0800020f   Thumb Code     0  startup_gd32e10x.o(.text)
    DMA0_Channel2_IRQHandler                 0x0800020f   Thumb Code     0  startup_gd32e10x.o(.text)
    DMA0_Channel3_IRQHandler                 0x0800020f   Thumb Code     0  startup_gd32e10x.o(.text)
    DMA0_Channel4_IRQHandler                 0x0800020f   Thumb Code     0  startup_gd32e10x.o(.text)
    DMA0_Channel5_IRQHandler                 0x0800020f   Thumb Code     0  startup_gd32e10x.o(.text)
    DMA0_Channel6_IRQHandler                 0x0800020f   Thumb Code     0  startup_gd32e10x.o(.text)
    DMA1_Channel0_IRQHandler                 0x0800020f   Thumb Code     0  startup_gd32e10x.o(.text)
    DMA1_Channel1_IRQHandler                 0x0800020f   Thumb Code     0  startup_gd32e10x.o(.text)
    DMA1_Channel2_IRQHandler                 0x0800020f   Thumb Code     0  startup_gd32e10x.o(.text)
    DMA1_Channel3_IRQHandler                 0x0800020f   Thumb Code     0  startup_gd32e10x.o(.text)
    DMA1_Channel4_IRQHandler                 0x0800020f   Thumb Code     0  startup_gd32e10x.o(.text)
    EXMC_IRQHandler                          0x0800020f   Thumb Code     0  startup_gd32e10x.o(.text)
    EXTI0_IRQHandler                         0x0800020f   Thumb Code     0  startup_gd32e10x.o(.text)
    EXTI10_15_IRQHandler                     0x0800020f   Thumb Code     0  startup_gd32e10x.o(.text)
    EXTI1_IRQHandler                         0x0800020f   Thumb Code     0  startup_gd32e10x.o(.text)
    EXTI2_IRQHandler                         0x0800020f   Thumb Code     0  startup_gd32e10x.o(.text)
    EXTI3_IRQHandler                         0x0800020f   Thumb Code     0  startup_gd32e10x.o(.text)
    EXTI5_9_IRQHandler                       0x0800020f   Thumb Code     0  startup_gd32e10x.o(.text)
    FMC_IRQHandler                           0x0800020f   Thumb Code     0  startup_gd32e10x.o(.text)
    I2C0_ER_IRQHandler                       0x0800020f   Thumb Code     0  startup_gd32e10x.o(.text)
    I2C0_EV_IRQHandler                       0x0800020f   Thumb Code     0  startup_gd32e10x.o(.text)
    I2C1_ER_IRQHandler                       0x0800020f   Thumb Code     0  startup_gd32e10x.o(.text)
    I2C1_EV_IRQHandler                       0x0800020f   Thumb Code     0  startup_gd32e10x.o(.text)
    LVD_IRQHandler                           0x0800020f   Thumb Code     0  startup_gd32e10x.o(.text)
    RCU_CTC_IRQHandler                       0x0800020f   Thumb Code     0  startup_gd32e10x.o(.text)
    RTC_Alarm_IRQHandler                     0x0800020f   Thumb Code     0  startup_gd32e10x.o(.text)
    RTC_IRQHandler                           0x0800020f   Thumb Code     0  startup_gd32e10x.o(.text)
    SPI0_IRQHandler                          0x0800020f   Thumb Code     0  startup_gd32e10x.o(.text)
    SPI1_IRQHandler                          0x0800020f   Thumb Code     0  startup_gd32e10x.o(.text)
    SPI2_IRQHandler                          0x0800020f   Thumb Code     0  startup_gd32e10x.o(.text)
    TAMPER_IRQHandler                        0x0800020f   Thumb Code     0  startup_gd32e10x.o(.text)
    TIMER0_BRK_TIMER8_IRQHandler             0x0800020f   Thumb Code     0  startup_gd32e10x.o(.text)
    TIMER0_Channel_IRQHandler                0x0800020f   Thumb Code     0  startup_gd32e10x.o(.text)
    TIMER0_TRG_CMT_TIMER10_IRQHandler        0x0800020f   Thumb Code     0  startup_gd32e10x.o(.text)
    TIMER0_UP_TIMER9_IRQHandler              0x0800020f   Thumb Code     0  startup_gd32e10x.o(.text)
    TIMER1_IRQHandler                        0x0800020f   Thumb Code     0  startup_gd32e10x.o(.text)
    TIMER2_IRQHandler                        0x0800020f   Thumb Code     0  startup_gd32e10x.o(.text)
    TIMER3_IRQHandler                        0x0800020f   Thumb Code     0  startup_gd32e10x.o(.text)
    TIMER4_IRQHandler                        0x0800020f   Thumb Code     0  startup_gd32e10x.o(.text)
    TIMER5_IRQHandler                        0x0800020f   Thumb Code     0  startup_gd32e10x.o(.text)
    TIMER6_IRQHandler                        0x0800020f   Thumb Code     0  startup_gd32e10x.o(.text)
    TIMER7_BRK_TIMER11_IRQHandler            0x0800020f   Thumb Code     0  startup_gd32e10x.o(.text)
    TIMER7_Channel_IRQHandler                0x0800020f   Thumb Code     0  startup_gd32e10x.o(.text)
    TIMER7_TRG_CMT_TIMER13_IRQHandler        0x0800020f   Thumb Code     0  startup_gd32e10x.o(.text)
    TIMER7_UP_TIMER12_IRQHandler             0x0800020f   Thumb Code     0  startup_gd32e10x.o(.text)
    UART3_IRQHandler                         0x0800020f   Thumb Code     0  startup_gd32e10x.o(.text)
    UART4_IRQHandler                         0x0800020f   Thumb Code     0  startup_gd32e10x.o(.text)
    USART0_IRQHandler                        0x0800020f   Thumb Code     0  startup_gd32e10x.o(.text)
    USART2_IRQHandler                        0x0800020f   Thumb Code     0  startup_gd32e10x.o(.text)
    USBFS_IRQHandler                         0x0800020f   Thumb Code     0  startup_gd32e10x.o(.text)
    USBFS_WKUP_IRQHandler                    0x0800020f   Thumb Code     0  startup_gd32e10x.o(.text)
    WWDGT_IRQHandler                         0x0800020f   Thumb Code     0  startup_gd32e10x.o(.text)
    __user_initial_stackheap                 0x08000211   Thumb Code    10  startup_gd32e10x.o(.text)
    __use_no_semihosting                     0x08000235   Thumb Code     2  use_no_semi_2.o(.text)
    __2printf                                0x08000239   Thumb Code    20  noretval__2printf.o(.text)
    __printf                                 0x08000251   Thumb Code   270  __printf_wp.o(.text)
    __aeabi_memcpy                           0x0800035f   Thumb Code     0  rt_memcpy_v6.o(.text)
    __rt_memcpy                              0x0800035f   Thumb Code   138  rt_memcpy_v6.o(.text)
    _memcpy_lastbytes                        0x080003c5   Thumb Code     0  rt_memcpy_v6.o(.text)
    __aeabi_memclr                           0x080003e9   Thumb Code     0  rt_memclr.o(.text)
    __rt_memclr                              0x080003e9   Thumb Code    68  rt_memclr.o(.text)
    _memset                                  0x080003ed   Thumb Code     0  rt_memclr.o(.text)
    __aeabi_memclr4                          0x0800042d   Thumb Code     0  rt_memclr_w.o(.text)
    __aeabi_memclr8                          0x0800042d   Thumb Code     0  rt_memclr_w.o(.text)
    __rt_memclr_w                            0x0800042d   Thumb Code    78  rt_memclr_w.o(.text)
    _memset_w                                0x08000431   Thumb Code     0  rt_memclr_w.o(.text)
    __use_two_region_memory                  0x0800047b   Thumb Code     2  heapauxi.o(.text)
    __rt_heap_escrow$2region                 0x0800047d   Thumb Code     2  heapauxi.o(.text)
    __rt_heap_expand$2region                 0x0800047f   Thumb Code     2  heapauxi.o(.text)
    __I$use$semihosting                      0x08000481   Thumb Code     0  use_no_semi.o(.text)
    __use_no_semihosting_swi                 0x08000481   Thumb Code     2  use_no_semi.o(.text)
    _printf_char_file                        0x08000485   Thumb Code    32  _printf_char_file.o(.text)
    __aeabi_memcpy4                          0x080004a9   Thumb Code     0  rt_memcpy_w.o(.text)
    __aeabi_memcpy8                          0x080004a9   Thumb Code     0  rt_memcpy_w.o(.text)
    __rt_memcpy_w                            0x080004a9   Thumb Code   100  rt_memcpy_w.o(.text)
    _memcpy_lastbytes_aligned                0x080004f1   Thumb Code     0  rt_memcpy_w.o(.text)
    _printf_char_common                      0x08000517   Thumb Code    32  _printf_char_common.o(.text)
    ferror                                   0x0800053d   Thumb Code     8  ferror.o(.text)
    __user_libspace                          0x08000545   Thumb Code     8  libspace.o(.text)
    __user_perproc_libspace                  0x08000545   Thumb Code     0  libspace.o(.text)
    __user_perthread_libspace                0x08000545   Thumb Code     0  libspace.o(.text)
    __user_setup_stackheap                   0x0800054d   Thumb Code    74  sys_stackheap_outer.o(.text)
    exit                                     0x08000597   Thumb Code    18  exit.o(.text)
    BusFault_Handler                         0x080005a9   Thumb Code     4  gd32e10x_it.o(i.BusFault_Handler)
    CAN0_RX0_IRQHandler                      0x080005ad   Thumb Code    24  main.o(i.CAN0_RX0_IRQHandler)
    CAN1_RX0_IRQHandler                      0x080005d1   Thumb Code    24  main.o(i.CAN1_RX0_IRQHandler)
    DebugMon_Handler                         0x080005f5   Thumb Code     2  gd32e10x_it.o(i.DebugMon_Handler)
    EXTI4_IRQHandler                         0x080005f9   Thumb Code   158  main.o(i.EXTI4_IRQHandler)
    EnterMotorMode                           0x080006b5   Thumb Code    24  main.o(i.EnterMotorMode)
    ExitMotorMode                            0x080006cd   Thumb Code    24  main.o(i.ExitMotorMode)
    HardFault_Handler                        0x080006e5   Thumb Code     4  gd32e10x_it.o(i.HardFault_Handler)
    MemManage_Handler                        0x080006e9   Thumb Code     4  gd32e10x_it.o(i.MemManage_Handler)
    NMI_Handler                              0x080006ed   Thumb Code     2  gd32e10x_it.o(i.NMI_Handler)
    PackAll                                  0x080006f1   Thumb Code   132  main.o(i.PackAll)
    PendSV_Handler                           0x08000795   Thumb Code     2  gd32e10x_it.o(i.PendSV_Handler)
    SVC_Handler                              0x08000797   Thumb Code     2  gd32e10x_it.o(i.SVC_Handler)
    SysTick_Handler                          0x08000799   Thumb Code     2  gd32e10x_it.o(i.SysTick_Handler)
    SystemInit                               0x0800079d   Thumb Code    76  system_gd32e10x.o(i.SystemInit)
    USART1_IRQHandler                        0x080007f5   Thumb Code   222  main.o(i.USART1_IRQHandler)
    UsageFault_Handler                       0x08000959   Thumb Code     4  gd32e10x_it.o(i.UsageFault_Handler)
    WriteAll                                 0x0800095d   Thumb Code    52  main.o(i.WriteAll)
    Zero                                     0x080009b1   Thumb Code    32  main.o(i.Zero)
    ZeroMode                                 0x080009d1   Thumb Code    24  main.o(i.ZeroMode)
    __hardfp_fmaxf                           0x080009e9   Thumb Code    26  math_ops.o(i.__hardfp_fmaxf)
    __hardfp_fminf                           0x08000a03   Thumb Code    26  math_ops.o(i.__hardfp_fminf)
    _is_digit                                0x08000a1d   Thumb Code    14  __printf_wp.o(i._is_digit)
    _sys_exit                                0x08000a2b   Thumb Code     4  bsp_uart.o(i._sys_exit)
    board_init                               0x08000a31   Thumb Code    36  bsp_config.o(i.board_init)
    bsp_can_init                             0x08000a59   Thumb Code   322  bsp_can.o(i.bsp_can_init)
    bsp_delay_init                           0x08000bc1   Thumb Code    94  bsp_delay.o(i.bsp_delay_init)
    bsp_delay_us                             0x08000c39   Thumb Code    32  bsp_delay.o(i.bsp_delay_us)
    bsp_exit_init                            0x08000c5d   Thumb Code     8  bsp_exit.o(i.bsp_exit_init)
    bsp_gpio_init                            0x08000c65   Thumb Code   100  bsp_gpio.o(i.bsp_gpio_init)
    bsp_spi_init                             0x08000cd1   Thumb Code   128  bsp_spi.o(i.bsp_spi_init)
    bsp_uart_init                            0x08000d59   Thumb Code   150  bsp_uart.o(i.bsp_uart_init)
    can0_rxdMsg                              0x08000df9   Thumb Code    36  bsp_can.o(i.can0_rxdMsg)
    can0_txdMsg                              0x08000e25   Thumb Code    32  bsp_can.o(i.can0_txdMsg)
    can1_filter_start_bank                   0x08000e4d   Thumb Code    52  gd32e10x_can.o(i.can1_filter_start_bank)
    can1_rxdMsg                              0x08000e85   Thumb Code    36  bsp_can.o(i.can1_rxdMsg)
    can1_txdMsg                              0x08000eb1   Thumb Code    32  bsp_can.o(i.can1_txdMsg)
    can_deinit                               0x08000ed9   Thumb Code    46  gd32e10x_can.o(i.can_deinit)
    can_filter_init                          0x08000f0d   Thumb Code   262  gd32e10x_can.o(i.can_filter_init)
    can_filter_mask_mode_init                0x0800101d   Thumb Code   264  gd32e10x_can.o(i.can_filter_mask_mode_init)
    can_frequency_set                        0x08001125   Thumb Code    72  gd32e10x_can.o(i.can_frequency_set)
    can_init                                 0x08001171   Thumb Code   312  gd32e10x_can.o(i.can_init)
    can_interrupt_enable                     0x080012a9   Thumb Code     8  gd32e10x_can.o(i.can_interrupt_enable)
    can_message_receive                      0x080012b1   Thumb Code   448  gd32e10x_can.o(i.can_message_receive)
    can_message_transmit                     0x08001475   Thumb Code   620  gd32e10x_can.o(i.can_message_transmit)
    can_struct_para_init                     0x080016e9   Thumb Code   226  gd32e10x_can.o(i.can_struct_para_init)
    can_working_mode_set                     0x080017cb   Thumb Code   168  gd32e10x_can.o(i.can_working_mode_set)
    control                                  0x08001875   Thumb Code  1144  main.o(i.control)
    delay                                    0x08001cf5   Thumb Code    68  bsp_delay.o(i.delay)
    dma0_ch1_config                          0x08001dc9   Thumb Code    80  bsp_dma.o(i.dma0_ch1_config)
    dma0_ch2_config                          0x08001e21   Thumb Code    82  bsp_dma.o(i.dma0_ch2_config)
    dma_circulation_disable                  0x08001e7d   Thumb Code    50  gd32e10x_dma.o(i.dma_circulation_disable)
    dma_circulation_enable                   0x08001eaf   Thumb Code    50  gd32e10x_dma.o(i.dma_circulation_enable)
    dma_deinit                               0x08001ee1   Thumb Code   112  gd32e10x_dma.o(i.dma_deinit)
    dma_init                                 0x08001f51   Thumb Code   302  gd32e10x_dma.o(i.dma_init)
    exit4_init                               0x08002099   Thumb Code    38  bsp_exit.o(i.exit4_init)
    exti_init                                0x080020c1   Thumb Code   178  gd32e10x_exti.o(i.exti_init)
    exti_interrupt_flag_clear                0x08002179   Thumb Code     6  gd32e10x_exti.o(i.exti_interrupt_flag_clear)
    float_to_uint                            0x08002185   Thumb Code    50  math_ops.o(i.float_to_uint)
    fputc                                    0x080021b9   Thumb Code    32  bsp_uart.o(i.fputc)
    gpio_exti_source_select                  0x080021dd   Thumb Code   146  gd32e10x_gpio.o(i.gpio_exti_source_select)
    gpio_init                                0x08002275   Thumb Code   188  gd32e10x_gpio.o(i.gpio_init)
    gpio_pin_remap_config                    0x08002331   Thumb Code   138  gd32e10x_gpio.o(i.gpio_pin_remap_config)
    main                                     0x080023c1   Thumb Code   288  main.o(i.main)
    nvic_irq_enable                          0x0800252d   Thumb Code   162  gd32e10x_misc.o(i.nvic_irq_enable)
    nvic_priority_group_set                  0x080025d9   Thumb Code    10  gd32e10x_misc.o(i.nvic_priority_group_set)
    nvic_vector_table_set                    0x080025ed   Thumb Code    12  gd32e10x_misc.o(i.nvic_vector_table_set)
    pack_cmd                                 0x08002601   Thumb Code   334  main.o(i.pack_cmd)
    rcu_clock_freq_get                       0x08002761   Thumb Code   352  gd32e10x_rcu.o(i.rcu_clock_freq_get)
    rcu_periph_clock_enable                  0x080028e5   Thumb Code    28  gd32e10x_rcu.o(i.rcu_periph_clock_enable)
    rcu_periph_reset_disable                 0x08002905   Thumb Code    28  gd32e10x_rcu.o(i.rcu_periph_reset_disable)
    rcu_periph_reset_enable                  0x08002925   Thumb Code    28  gd32e10x_rcu.o(i.rcu_periph_reset_enable)
    softstop_joint                           0x08002945   Thumb Code     6  main.o(i.softstop_joint)
    spi_dma_enable                           0x0800294b   Thumb Code    22  gd32e10x_spi.o(i.spi_dma_enable)
    spi_enable                               0x08002961   Thumb Code    10  gd32e10x_spi.o(i.spi_enable)
    spi_i2s_data_receive                     0x0800296b   Thumb Code     8  gd32e10x_spi.o(i.spi_i2s_data_receive)
    spi_i2s_data_transmit                    0x08002973   Thumb Code     4  gd32e10x_spi.o(i.spi_i2s_data_transmit)
    spi_i2s_deinit                           0x08002979   Thumb Code    82  gd32e10x_spi.o(i.spi_i2s_deinit)
    spi_init                                 0x080029d1   Thumb Code    50  gd32e10x_spi.o(i.spi_init)
    spi_struct_para_init                     0x08002a03   Thumb Code    16  gd32e10x_spi.o(i.spi_struct_para_init)
    systick_clksource_set                    0x08002b19   Thumb Code    40  gd32e10x_misc.o(i.systick_clksource_set)
    tickGet                                  0x08002b41   Thumb Code    76  bsp_delay.o(i.tickGet)
    tickReset                                0x08002b99   Thumb Code    20  bsp_delay.o(i.tickReset)
    uint_to_float                            0x08002bb5   Thumb Code    52  math_ops.o(i.uint_to_float)
    unpack_reply                             0x08002be9   Thumb Code   176  main.o(i.unpack_reply)
    usart_baudrate_set                       0x08002ca1   Thumb Code   136  gd32e10x_usart.o(i.usart_baudrate_set)
    usart_data_receive                       0x08002d31   Thumb Code    10  gd32e10x_usart.o(i.usart_data_receive)
    usart_data_transmit                      0x08002d3b   Thumb Code     8  gd32e10x_usart.o(i.usart_data_transmit)
    usart_deinit                             0x08002d45   Thumb Code   136  gd32e10x_usart.o(i.usart_deinit)
    usart_enable                             0x08002dd5   Thumb Code    10  gd32e10x_usart.o(i.usart_enable)
    usart_flag_get                           0x08002ddf   Thumb Code    30  gd32e10x_usart.o(i.usart_flag_get)
    usart_hardware_flow_cts_config           0x08002dfd   Thumb Code    16  gd32e10x_usart.o(i.usart_hardware_flow_cts_config)
    usart_hardware_flow_rts_config           0x08002e0d   Thumb Code    16  gd32e10x_usart.o(i.usart_hardware_flow_rts_config)
    usart_interrupt_enable                   0x08002e1d   Thumb Code    26  gd32e10x_usart.o(i.usart_interrupt_enable)
    usart_interrupt_flag_get                 0x08002e37   Thumb Code    56  gd32e10x_usart.o(i.usart_interrupt_flag_get)
    usart_parity_config                      0x08002e6f   Thumb Code    16  gd32e10x_usart.o(i.usart_parity_config)
    usart_receive_config                     0x08002e7f   Thumb Code    16  gd32e10x_usart.o(i.usart_receive_config)
    usart_stop_bit_set                       0x08002e8f   Thumb Code    16  gd32e10x_usart.o(i.usart_stop_bit_set)
    usart_transmit_config                    0x08002e9f   Thumb Code    16  gd32e10x_usart.o(i.usart_transmit_config)
    usart_word_length_set                    0x08002eaf   Thumb Code    16  gd32e10x_usart.o(i.usart_word_length_set)
    xor_checksum                             0x08002ebf   Thumb Code    26  main.o(i.xor_checksum)
    __aeabi_ui2d                             0x08002ed9   Thumb Code     0  dflt_clz.o(x$fpl$dfltu)
    _dfltu                                   0x08002ed9   Thumb Code    38  dflt_clz.o(x$fpl$dfltu)
    __aeabi_dmul                             0x08002f01   Thumb Code     0  dmul.o(x$fpl$dmul)
    _dmul                                    0x08002f01   Thumb Code   332  dmul.o(x$fpl$dmul)
    __fpl_dnaninf                            0x08003055   Thumb Code   156  dnaninf.o(x$fpl$dnaninf)
    __fpl_dretinf                            0x080030f1   Thumb Code    12  dretinf.o(x$fpl$dretinf)
    __aeabi_f2d                              0x080030fd   Thumb Code     0  f2d.o(x$fpl$f2d)
    _f2d                                     0x080030fd   Thumb Code    86  f2d.o(x$fpl$f2d)
    __fpl_fnaninf                            0x08003153   Thumb Code   140  fnaninf.o(x$fpl$fnaninf)
    _fp_init                                 0x080031df   Thumb Code    10  fpinit.o(x$fpl$fpinit)
    __fplib_config_fpu_vfp                   0x080031e7   Thumb Code     0  fpinit.o(x$fpl$fpinit)
    __fplib_config_pureend_doubles           0x080031e7   Thumb Code     0  fpinit.o(x$fpl$fpinit)
    __aeabi_d2ulz                            0x080031e9   Thumb Code     0  dfixull.o(x$fpl$llufromd)
    _ll_ufrom_d                              0x080031e9   Thumb Code   120  dfixull.o(x$fpl$llufromd)
    __I$use$fp                               0x08003260   Number         0  usenofp.o(x$fpl$usenofp)
    g_can_fdlength_table                     0x08003260   Data           7  gd32e10x_can.o(.constdata)
    Region$$Table$$Base                      0x08003320   Number         0  anon$$obj.o(Region$$Table)
    Region$$Table$$Limit                     0x08003340   Number         0  anon$$obj.o(Region$$Table)
    SystemCoreClock                          0x20000000   Data           4  system_gd32e10x.o(.data)
    can1                                     0x20000004   Data           8  bsp_can.o(.data)
    can2                                     0x2000000c   Data           8  bsp_can.o(.data)
    __stdout                                 0x20000030   Data           4  bsp_uart.o(.data)
    counter                                  0x20000034   Data           4  main.o(.data)
    spi_enabled                              0x20000038   Data           4  main.o(.data)
    x                                        0x2000003c   Data           2  main.o(.data)
    x2                                       0x2000003e   Data           2  main.o(.data)
    count                                    0x20000040   Data           2  main.o(.data)
    counter2                                 0x20000042   Data           2  main.o(.data)
    control_mode                             0x20000044   Data           4  main.o(.data)
    is_standing                              0x20000048   Data           4  main.o(.data)
    enabled                                  0x2000004c   Data           4  main.o(.data)
    can0_txd_msg                             0x20000050   Data          80  bsp_can.o(.bss)
    can1_txd_msg                             0x200000a0   Data          80  bsp_can.o(.bss)
    can0_rxd_msg                             0x200000f0   Data          80  bsp_can.o(.bss)
    can1_rxd_msg                             0x20000140   Data          80  bsp_can.o(.bss)
    spi_data                                 0x20000190   Data          60  main.o(.bss)
    spi_command                              0x200001cc   Data         132  main.o(.bss)
    rx_buff                                  0x20000250   Data         132  main.o(.bss)
    tx_buff                                  0x200002d4   Data         132  main.o(.bss)
    rxMsg1                                   0x20000358   Data          16  main.o(.bss)
    rxMsg2                                   0x20000368   Data          16  main.o(.bss)
    txMsg1                                   0x20000378   Data          16  main.o(.bss)
    txMsg2                                   0x20000388   Data          16  main.o(.bss)
    a1_can                                   0x20000398   Data          16  main.o(.bss)
    a2_can                                   0x200003a8   Data          16  main.o(.bss)
    h1_can                                   0x200003b8   Data          16  main.o(.bss)
    h2_can                                   0x200003c8   Data          16  main.o(.bss)
    k1_can                                   0x200003d8   Data          16  main.o(.bss)
    k2_can                                   0x200003e8   Data          16  main.o(.bss)
    l1_state                                 0x200003f8   Data          36  main.o(.bss)
    l2_state                                 0x2000041c   Data          36  main.o(.bss)
    l1_control                               0x20000440   Data          60  main.o(.bss)
    l2_control                               0x2000047c   Data          60  main.o(.bss)
    __libspace_start                         0x200004b8   Data          96  libspace.o(.bss)
    __temporary_stack_top$libspace           0x20000518   Data           0  libspace.o(.bss)



==============================================================================

Memory Map of the image

  Image Entry point : 0x08000151

  Load Region LR_IROM1 (Base: 0x08000000, Size: 0x00003390, Max: 0x00010000, ABSOLUTE)

    Execution Region ER_IROM1 (Exec base: 0x08000000, Load base: 0x08000000, Size: 0x00003340, Max: 0x00010000, ABSOLUTE)

    Exec Addr    Load Addr    Size         Type   Attr      Idx    E Section Name        Object

    0x08000000   0x08000000   0x00000150   Data   RO          136    RESET               startup_gd32e10x.o
    0x08000150   0x08000150   0x00000008   Code   RO         4411  * !!!main             c_w.l(__main.o)
    0x08000158   0x08000158   0x00000034   Code   RO         4676    !!!scatter          c_w.l(__scatter.o)
    0x0800018c   0x0800018c   0x0000001a   Code   RO         4678    !!handler_copy      c_w.l(__scatter_copy.o)
    0x080001a6   0x080001a6   0x00000002   PAD
    0x080001a8   0x080001a8   0x0000001c   Code   RO         4680    !!handler_zi        c_w.l(__scatter_zi.o)
    0x080001c4   0x080001c4   0x00000000   Code   RO         4402    .ARM.Collect$$_printf_percent$$00000000  c_w.l(_printf_percent.o)
    0x080001c4   0x080001c4   0x00000004   Code   RO         4452    .ARM.Collect$$_printf_percent$$00000017  c_w.l(_printf_percent_end.o)
    0x080001c8   0x080001c8   0x00000002   Code   RO         4553    .ARM.Collect$$libinit$$00000000  c_w.l(libinit.o)
    0x080001ca   0x080001ca   0x00000004   Code   RO         4554    .ARM.Collect$$libinit$$00000001  c_w.l(libinit2.o)
    0x080001ce   0x080001ce   0x00000000   Code   RO         4557    .ARM.Collect$$libinit$$00000004  c_w.l(libinit2.o)
    0x080001ce   0x080001ce   0x00000000   Code   RO         4560    .ARM.Collect$$libinit$$0000000A  c_w.l(libinit2.o)
    0x080001ce   0x080001ce   0x00000000   Code   RO         4562    .ARM.Collect$$libinit$$0000000C  c_w.l(libinit2.o)
    0x080001ce   0x080001ce   0x00000000   Code   RO         4564    .ARM.Collect$$libinit$$0000000E  c_w.l(libinit2.o)
    0x080001ce   0x080001ce   0x00000000   Code   RO         4567    .ARM.Collect$$libinit$$00000011  c_w.l(libinit2.o)
    0x080001ce   0x080001ce   0x00000000   Code   RO         4569    .ARM.Collect$$libinit$$00000013  c_w.l(libinit2.o)
    0x080001ce   0x080001ce   0x00000000   Code   RO         4571    .ARM.Collect$$libinit$$00000015  c_w.l(libinit2.o)
    0x080001ce   0x080001ce   0x00000000   Code   RO         4573    .ARM.Collect$$libinit$$00000017  c_w.l(libinit2.o)
    0x080001ce   0x080001ce   0x00000000   Code   RO         4575    .ARM.Collect$$libinit$$00000019  c_w.l(libinit2.o)
    0x080001ce   0x080001ce   0x00000000   Code   RO         4577    .ARM.Collect$$libinit$$0000001B  c_w.l(libinit2.o)
    0x080001ce   0x080001ce   0x00000000   Code   RO         4579    .ARM.Collect$$libinit$$0000001D  c_w.l(libinit2.o)
    0x080001ce   0x080001ce   0x00000000   Code   RO         4581    .ARM.Collect$$libinit$$0000001F  c_w.l(libinit2.o)
    0x080001ce   0x080001ce   0x00000000   Code   RO         4583    .ARM.Collect$$libinit$$00000021  c_w.l(libinit2.o)
    0x080001ce   0x080001ce   0x00000000   Code   RO         4585    .ARM.Collect$$libinit$$00000023  c_w.l(libinit2.o)
    0x080001ce   0x080001ce   0x00000000   Code   RO         4587    .ARM.Collect$$libinit$$00000025  c_w.l(libinit2.o)
    0x080001ce   0x080001ce   0x00000000   Code   RO         4591    .ARM.Collect$$libinit$$0000002C  c_w.l(libinit2.o)
    0x080001ce   0x080001ce   0x00000000   Code   RO         4593    .ARM.Collect$$libinit$$0000002E  c_w.l(libinit2.o)
    0x080001ce   0x080001ce   0x00000000   Code   RO         4595    .ARM.Collect$$libinit$$00000030  c_w.l(libinit2.o)
    0x080001ce   0x080001ce   0x00000000   Code   RO         4597    .ARM.Collect$$libinit$$00000032  c_w.l(libinit2.o)
    0x080001ce   0x080001ce   0x00000002   Code   RO         4598    .ARM.Collect$$libinit$$00000033  c_w.l(libinit2.o)
    0x080001d0   0x080001d0   0x00000002   Code   RO         4626    .ARM.Collect$$libshutdown$$00000000  c_w.l(libshutdown.o)
    0x080001d2   0x080001d2   0x00000000   Code   RO         4635    .ARM.Collect$$libshutdown$$00000002  c_w.l(libshutdown2.o)
    0x080001d2   0x080001d2   0x00000000   Code   RO         4637    .ARM.Collect$$libshutdown$$00000004  c_w.l(libshutdown2.o)
    0x080001d2   0x080001d2   0x00000000   Code   RO         4640    .ARM.Collect$$libshutdown$$00000007  c_w.l(libshutdown2.o)
    0x080001d2   0x080001d2   0x00000000   Code   RO         4643    .ARM.Collect$$libshutdown$$0000000A  c_w.l(libshutdown2.o)
    0x080001d2   0x080001d2   0x00000000   Code   RO         4645    .ARM.Collect$$libshutdown$$0000000C  c_w.l(libshutdown2.o)
    0x080001d2   0x080001d2   0x00000000   Code   RO         4648    .ARM.Collect$$libshutdown$$0000000F  c_w.l(libshutdown2.o)
    0x080001d2   0x080001d2   0x00000002   Code   RO         4649    .ARM.Collect$$libshutdown$$00000010  c_w.l(libshutdown2.o)
    0x080001d4   0x080001d4   0x00000000   Code   RO         4445    .ARM.Collect$$rtentry$$00000000  c_w.l(__rtentry.o)
    0x080001d4   0x080001d4   0x00000000   Code   RO         4469    .ARM.Collect$$rtentry$$00000002  c_w.l(__rtentry2.o)
    0x080001d4   0x080001d4   0x00000006   Code   RO         4481    .ARM.Collect$$rtentry$$00000004  c_w.l(__rtentry4.o)
    0x080001da   0x080001da   0x00000000   Code   RO         4471    .ARM.Collect$$rtentry$$00000009  c_w.l(__rtentry2.o)
    0x080001da   0x080001da   0x00000004   Code   RO         4472    .ARM.Collect$$rtentry$$0000000A  c_w.l(__rtentry2.o)
    0x080001de   0x080001de   0x00000000   Code   RO         4474    .ARM.Collect$$rtentry$$0000000C  c_w.l(__rtentry2.o)
    0x080001de   0x080001de   0x00000008   Code   RO         4475    .ARM.Collect$$rtentry$$0000000D  c_w.l(__rtentry2.o)
    0x080001e6   0x080001e6   0x00000002   Code   RO         4599    .ARM.Collect$$rtexit$$00000000  c_w.l(rtexit.o)
    0x080001e8   0x080001e8   0x00000000   Code   RO         4606    .ARM.Collect$$rtexit$$00000002  c_w.l(rtexit2.o)
    0x080001e8   0x080001e8   0x00000004   Code   RO         4607    .ARM.Collect$$rtexit$$00000003  c_w.l(rtexit2.o)
    0x080001ec   0x080001ec   0x00000006   Code   RO         4608    .ARM.Collect$$rtexit$$00000004  c_w.l(rtexit2.o)
    0x080001f2   0x080001f2   0x00000002   PAD
    0x080001f4   0x080001f4   0x00000040   Code   RO          137    .text               startup_gd32e10x.o
    0x08000234   0x08000234   0x00000002   Code   RO         4373    .text               c_w.l(use_no_semi_2.o)
    0x08000236   0x08000236   0x00000002   PAD
    0x08000238   0x08000238   0x00000018   Code   RO         4377    .text               c_w.l(noretval__2printf.o)
    0x08000250   0x08000250   0x0000010e   Code   RO         4389    .text               c_w.l(__printf_wp.o)
    0x0800035e   0x0800035e   0x0000008a   Code   RO         4403    .text               c_w.l(rt_memcpy_v6.o)
    0x080003e8   0x080003e8   0x00000044   Code   RO         4405    .text               c_w.l(rt_memclr.o)
    0x0800042c   0x0800042c   0x0000004e   Code   RO         4407    .text               c_w.l(rt_memclr_w.o)
    0x0800047a   0x0800047a   0x00000006   Code   RO         4409    .text               c_w.l(heapauxi.o)
    0x08000480   0x08000480   0x00000002   Code   RO         4443    .text               c_w.l(use_no_semi.o)
    0x08000482   0x08000482   0x00000002   PAD
    0x08000484   0x08000484   0x00000024   Code   RO         4450    .text               c_w.l(_printf_char_file.o)
    0x080004a8   0x080004a8   0x00000064   Code   RO         4453    .text               c_w.l(rt_memcpy_w.o)
    0x0800050c   0x0800050c   0x00000030   Code   RO         4495    .text               c_w.l(_printf_char_common.o)
    0x0800053c   0x0800053c   0x00000008   Code   RO         4524    .text               c_w.l(ferror.o)
    0x08000544   0x08000544   0x00000008   Code   RO         4537    .text               c_w.l(libspace.o)
    0x0800054c   0x0800054c   0x0000004a   Code   RO         4540    .text               c_w.l(sys_stackheap_outer.o)
    0x08000596   0x08000596   0x00000012   Code   RO         4544    .text               c_w.l(exit.o)
    0x080005a8   0x080005a8   0x00000004   Code   RO         4115    i.BusFault_Handler  gd32e10x_it.o
    0x080005ac   0x080005ac   0x00000024   Code   RO         4186    i.CAN0_RX0_IRQHandler  main.o
    0x080005d0   0x080005d0   0x00000024   Code   RO         4187    i.CAN1_RX0_IRQHandler  main.o
    0x080005f4   0x080005f4   0x00000002   Code   RO         4116    i.DebugMon_Handler  gd32e10x_it.o
    0x080005f6   0x080005f6   0x00000002   PAD
    0x080005f8   0x080005f8   0x000000bc   Code   RO         4188    i.EXTI4_IRQHandler  main.o
    0x080006b4   0x080006b4   0x00000018   Code   RO         4189    i.EnterMotorMode    main.o
    0x080006cc   0x080006cc   0x00000018   Code   RO         4190    i.ExitMotorMode     main.o
    0x080006e4   0x080006e4   0x00000004   Code   RO         4117    i.HardFault_Handler  gd32e10x_it.o
    0x080006e8   0x080006e8   0x00000004   Code   RO         4118    i.MemManage_Handler  gd32e10x_it.o
    0x080006ec   0x080006ec   0x00000002   Code   RO         4119    i.NMI_Handler       gd32e10x_it.o
    0x080006ee   0x080006ee   0x00000002   PAD
    0x080006f0   0x080006f0   0x000000a4   Code   RO         4191    i.PackAll           main.o
    0x08000794   0x08000794   0x00000002   Code   RO         4120    i.PendSV_Handler    gd32e10x_it.o
    0x08000796   0x08000796   0x00000002   Code   RO         4121    i.SVC_Handler       gd32e10x_it.o
    0x08000798   0x08000798   0x00000002   Code   RO         4122    i.SysTick_Handler   gd32e10x_it.o
    0x0800079a   0x0800079a   0x00000002   PAD
    0x0800079c   0x0800079c   0x00000058   Code   RO            4    i.SystemInit        system_gd32e10x.o
    0x080007f4   0x080007f4   0x00000164   Code   RO         4192    i.USART1_IRQHandler  main.o
    0x08000958   0x08000958   0x00000004   Code   RO         4123    i.UsageFault_Handler  gd32e10x_it.o
    0x0800095c   0x0800095c   0x00000054   Code   RO         4193    i.WriteAll          main.o
    0x080009b0   0x080009b0   0x00000020   Code   RO         4194    i.Zero              main.o
    0x080009d0   0x080009d0   0x00000018   Code   RO         4195    i.ZeroMode          main.o
    0x080009e8   0x080009e8   0x0000001a   Code   RO         4323    i.__hardfp_fmaxf    math_ops.o
    0x08000a02   0x08000a02   0x0000001a   Code   RO         4324    i.__hardfp_fminf    math_ops.o
    0x08000a1c   0x08000a1c   0x0000000e   Code   RO         4391    i._is_digit         c_w.l(__printf_wp.o)
    0x08000a2a   0x08000a2a   0x00000004   Code   RO         3961    i._sys_exit         bsp_uart.o
    0x08000a2e   0x08000a2e   0x00000002   PAD
    0x08000a30   0x08000a30   0x00000028   Code   RO         3720    i.board_init        bsp_config.o
    0x08000a58   0x08000a58   0x00000168   Code   RO         3771    i.bsp_can_init      bsp_can.o
    0x08000bc0   0x08000bc0   0x00000078   Code   RO         3825    i.bsp_delay_init    bsp_delay.o
    0x08000c38   0x08000c38   0x00000024   Code   RO         3827    i.bsp_delay_us      bsp_delay.o
    0x08000c5c   0x08000c5c   0x00000008   Code   RO         4003    i.bsp_exit_init     bsp_exit.o
    0x08000c64   0x08000c64   0x0000006c   Code   RO         3892    i.bsp_gpio_init     bsp_gpio.o
    0x08000cd0   0x08000cd0   0x00000088   Code   RO         3915    i.bsp_spi_init      bsp_spi.o
    0x08000d58   0x08000d58   0x000000a0   Code   RO         3962    i.bsp_uart_init     bsp_uart.o
    0x08000df8   0x08000df8   0x0000002c   Code   RO         3772    i.can0_rxdMsg       bsp_can.o
    0x08000e24   0x08000e24   0x00000028   Code   RO         3773    i.can0_txdMsg       bsp_can.o
    0x08000e4c   0x08000e4c   0x00000038   Code   RO          523    i.can1_filter_start_bank  gd32e10x_can.o
    0x08000e84   0x08000e84   0x0000002c   Code   RO         3774    i.can1_rxdMsg       bsp_can.o
    0x08000eb0   0x08000eb0   0x00000028   Code   RO         3775    i.can1_txdMsg       bsp_can.o
    0x08000ed8   0x08000ed8   0x00000034   Code   RO          526    i.can_deinit        gd32e10x_can.o
    0x08000f0c   0x08000f0c   0x00000110   Code   RO          533    i.can_filter_init   gd32e10x_can.o
    0x0800101c   0x0800101c   0x00000108   Code   RO          534    i.can_filter_mask_mode_init  gd32e10x_can.o
    0x08001124   0x08001124   0x0000004c   Code   RO          537    i.can_frequency_set  gd32e10x_can.o
    0x08001170   0x08001170   0x00000138   Code   RO          538    i.can_init          gd32e10x_can.o
    0x080012a8   0x080012a8   0x00000008   Code   RO          540    i.can_interrupt_enable  gd32e10x_can.o
    0x080012b0   0x080012b0   0x000001c4   Code   RO          543    i.can_message_receive  gd32e10x_can.o
    0x08001474   0x08001474   0x00000274   Code   RO          544    i.can_message_transmit  gd32e10x_can.o
    0x080016e8   0x080016e8   0x000000e2   Code   RO          548    i.can_struct_para_init  gd32e10x_can.o
    0x080017ca   0x080017ca   0x000000a8   Code   RO          555    i.can_working_mode_set  gd32e10x_can.o
    0x08001872   0x08001872   0x00000002   PAD
    0x08001874   0x08001874   0x00000480   Code   RO         4196    i.control           main.o
    0x08001cf4   0x08001cf4   0x00000048   Code   RO         3828    i.delay             bsp_delay.o
    0x08001d3c   0x08001d3c   0x0000008c   Code   RO          556    i.dev_can_baudrate_set  gd32e10x_can.o
    0x08001dc8   0x08001dc8   0x00000058   Code   RO         4033    i.dma0_ch1_config   bsp_dma.o
    0x08001e20   0x08001e20   0x0000005c   Code   RO         4034    i.dma0_ch2_config   bsp_dma.o
    0x08001e7c   0x08001e7c   0x00000032   Code   RO         1170    i.dma_circulation_disable  gd32e10x_dma.o
    0x08001eae   0x08001eae   0x00000032   Code   RO         1171    i.dma_circulation_enable  gd32e10x_dma.o
    0x08001ee0   0x08001ee0   0x00000070   Code   RO         1172    i.dma_deinit        gd32e10x_dma.o
    0x08001f50   0x08001f50   0x0000012e   Code   RO         1175    i.dma_init          gd32e10x_dma.o
    0x0800207e   0x0800207e   0x00000002   PAD
    0x08002080   0x08002080   0x00000018   Code   RO         1187    i.dma_periph_and_channel_check  gd32e10x_dma.o
    0x08002098   0x08002098   0x00000026   Code   RO         4004    i.exit4_init        bsp_exit.o
    0x080020be   0x080020be   0x00000002   PAD
    0x080020c0   0x080020c0   0x000000b8   Code   RO         1408    i.exti_init         gd32e10x_exti.o
    0x08002178   0x08002178   0x0000000c   Code   RO         1411    i.exti_interrupt_flag_clear  gd32e10x_exti.o
    0x08002184   0x08002184   0x00000032   Code   RO         4325    i.float_to_uint     math_ops.o
    0x080021b6   0x080021b6   0x00000002   PAD
    0x080021b8   0x080021b8   0x00000024   Code   RO         3963    i.fputc             bsp_uart.o
    0x080021dc   0x080021dc   0x00000098   Code   RO         1777    i.gpio_exti_source_select  gd32e10x_gpio.o
    0x08002274   0x08002274   0x000000bc   Code   RO         1778    i.gpio_init         gd32e10x_gpio.o
    0x08002330   0x08002330   0x00000090   Code   RO         1784    i.gpio_pin_remap_config  gd32e10x_gpio.o
    0x080023c0   0x080023c0   0x0000016c   Code   RO         4197    i.main              main.o
    0x0800252c   0x0800252c   0x000000ac   Code   RO         2120    i.nvic_irq_enable   gd32e10x_misc.o
    0x080025d8   0x080025d8   0x00000014   Code   RO         2121    i.nvic_priority_group_set  gd32e10x_misc.o
    0x080025ec   0x080025ec   0x00000014   Code   RO         2122    i.nvic_vector_table_set  gd32e10x_misc.o
    0x08002600   0x08002600   0x00000160   Code   RO         4198    i.pack_cmd          main.o
    0x08002760   0x08002760   0x00000184   Code   RO         2277    i.rcu_clock_freq_get  gd32e10x_rcu.o
    0x080028e4   0x080028e4   0x00000020   Code   RO         2297    i.rcu_periph_clock_enable  gd32e10x_rcu.o
    0x08002904   0x08002904   0x00000020   Code   RO         2300    i.rcu_periph_reset_disable  gd32e10x_rcu.o
    0x08002924   0x08002924   0x00000020   Code   RO         2301    i.rcu_periph_reset_enable  gd32e10x_rcu.o
    0x08002944   0x08002944   0x00000006   Code   RO         4200    i.softstop_joint    main.o
    0x0800294a   0x0800294a   0x00000016   Code   RO         2670    i.spi_dma_enable    gd32e10x_spi.o
    0x08002960   0x08002960   0x0000000a   Code   RO         2671    i.spi_enable        gd32e10x_spi.o
    0x0800296a   0x0800296a   0x00000008   Code   RO         2673    i.spi_i2s_data_receive  gd32e10x_spi.o
    0x08002972   0x08002972   0x00000004   Code   RO         2674    i.spi_i2s_data_transmit  gd32e10x_spi.o
    0x08002976   0x08002976   0x00000002   PAD
    0x08002978   0x08002978   0x00000058   Code   RO         2675    i.spi_i2s_deinit    gd32e10x_spi.o
    0x080029d0   0x080029d0   0x00000032   Code   RO         2680    i.spi_init          gd32e10x_spi.o
    0x08002a02   0x08002a02   0x00000010   Code   RO         2687    i.spi_struct_para_init  gd32e10x_spi.o
    0x08002a12   0x08002a12   0x00000002   PAD
    0x08002a14   0x08002a14   0x000000fc   Code   RO            5    i.system_clock_120m_hxtal  system_gd32e10x.o
    0x08002b10   0x08002b10   0x00000008   Code   RO            6    i.system_clock_config  system_gd32e10x.o
    0x08002b18   0x08002b18   0x00000028   Code   RO         2125    i.systick_clksource_set  gd32e10x_misc.o
    0x08002b40   0x08002b40   0x00000058   Code   RO         3831    i.tickGet           bsp_delay.o
    0x08002b98   0x08002b98   0x0000001c   Code   RO         3832    i.tickReset         bsp_delay.o
    0x08002bb4   0x08002bb4   0x00000034   Code   RO         4329    i.uint_to_float     math_ops.o
    0x08002be8   0x08002be8   0x000000b8   Code   RO         4202    i.unpack_reply      main.o
    0x08002ca0   0x08002ca0   0x00000090   Code   RO         3345    i.usart_baudrate_set  gd32e10x_usart.o
    0x08002d30   0x08002d30   0x0000000a   Code   RO         3348    i.usart_data_receive  gd32e10x_usart.o
    0x08002d3a   0x08002d3a   0x00000008   Code   RO         3349    i.usart_data_transmit  gd32e10x_usart.o
    0x08002d42   0x08002d42   0x00000002   PAD
    0x08002d44   0x08002d44   0x00000090   Code   RO         3350    i.usart_deinit      gd32e10x_usart.o
    0x08002dd4   0x08002dd4   0x0000000a   Code   RO         3354    i.usart_enable      gd32e10x_usart.o
    0x08002dde   0x08002dde   0x0000001e   Code   RO         3356    i.usart_flag_get    gd32e10x_usart.o
    0x08002dfc   0x08002dfc   0x00000010   Code   RO         3361    i.usart_hardware_flow_cts_config  gd32e10x_usart.o
    0x08002e0c   0x08002e0c   0x00000010   Code   RO         3362    i.usart_hardware_flow_rts_config  gd32e10x_usart.o
    0x08002e1c   0x08002e1c   0x0000001a   Code   RO         3364    i.usart_interrupt_enable  gd32e10x_usart.o
    0x08002e36   0x08002e36   0x00000038   Code   RO         3366    i.usart_interrupt_flag_get  gd32e10x_usart.o
    0x08002e6e   0x08002e6e   0x00000010   Code   RO         3377    i.usart_parity_config  gd32e10x_usart.o
    0x08002e7e   0x08002e7e   0x00000010   Code   RO         3379    i.usart_receive_config  gd32e10x_usart.o
    0x08002e8e   0x08002e8e   0x00000010   Code   RO         3389    i.usart_stop_bit_set  gd32e10x_usart.o
    0x08002e9e   0x08002e9e   0x00000010   Code   RO         3393    i.usart_transmit_config  gd32e10x_usart.o
    0x08002eae   0x08002eae   0x00000010   Code   RO         3394    i.usart_word_length_set  gd32e10x_usart.o
    0x08002ebe   0x08002ebe   0x0000001a   Code   RO         4203    i.xor_checksum      main.o
    0x08002ed8   0x08002ed8   0x00000026   Code   RO         4419    x$fpl$dfltu         fz_wm.l(dflt_clz.o)
    0x08002efe   0x08002efe   0x00000002   PAD
    0x08002f00   0x08002f00   0x00000154   Code   RO         4425    x$fpl$dmul          fz_wm.l(dmul.o)
    0x08003054   0x08003054   0x0000009c   Code   RO         4457    x$fpl$dnaninf       fz_wm.l(dnaninf.o)
    0x080030f0   0x080030f0   0x0000000c   Code   RO         4459    x$fpl$dretinf       fz_wm.l(dretinf.o)
    0x080030fc   0x080030fc   0x00000056   Code   RO         4427    x$fpl$f2d           fz_wm.l(f2d.o)
    0x08003152   0x08003152   0x0000008c   Code   RO         4463    x$fpl$fnaninf       fz_wm.l(fnaninf.o)
    0x080031de   0x080031de   0x0000000a   Code   RO         4603    x$fpl$fpinit        fz_wm.l(fpinit.o)
    0x080031e8   0x080031e8   0x00000078   Code   RO         4415    x$fpl$llufromd      fz_wm.l(dfixull.o)
    0x08003260   0x08003260   0x00000000   Code   RO         4467    x$fpl$usenofp       fz_wm.l(usenofp.o)
    0x08003260   0x08003260   0x000000c0   Data   RO          557    .constdata          gd32e10x_can.o
    0x08003320   0x08003320   0x00000020   Data   RO         4674    Region$$Table       anon$$obj.o


    Execution Region RW_IRAM1 (Exec base: 0x20000000, Load base: 0x08003340, Size: 0x00000d18, Max: 0x00005000, ABSOLUTE)

    Exec Addr    Load Addr    Size         Type   Attr      Idx    E Section Name        Object

    0x20000000   0x08003340   0x00000004   Data   RW            7    .data               system_gd32e10x.o
    0x20000004   0x08003344   0x00000010   Data   RW         3777    .data               bsp_can.o
    0x20000014   0x08003354   0x00000004   PAD
    0x20000018   0x08003358   0x00000018   Data   RW         3833    .data               bsp_delay.o
    0x20000030   0x08003370   0x00000004   Data   RW         3964    .data               bsp_uart.o
    0x20000034   0x08003374   0x0000001c   Data   RW         4205    .data               main.o
    0x20000050        -       0x00000140   Zero   RW         3776    .bss                bsp_can.o
    0x20000190        -       0x00000328   Zero   RW         4204    .bss                main.o
    0x200004b8        -       0x00000060   Zero   RW         4538    .bss                c_w.l(libspace.o)
    0x20000518        -       0x00000400   Zero   RW          135    HEAP                startup_gd32e10x.o
    0x20000918        -       0x00000400   Zero   RW          134    STACK               startup_gd32e10x.o


==============================================================================

Image component sizes


      Code (inc. data)   RO Data    RW Data    ZI Data      Debug   Object Name

       528         70          0         16        320       3747   bsp_can.o
        40          4          0          0          0       1105   bsp_config.o
       344         54          0         24          0       2950   bsp_delay.o
       180         18          0          0          0       1160   bsp_dma.o
        46          0          0          0          0        961   bsp_exit.o
       108          8          0          0          0        512   bsp_gpio.o
       136          8          0          0          0        595   bsp_spi.o
       200         14          0          4          0       3386   bsp_uart.o
      2654         48        192          0          0      11296   gd32e10x_can.o
       538          6          0          0          0       5319   gd32e10x_dma.o
       196         12          0          0          0       1356   gd32e10x_exti.o
       484         12          0          0          0       2634   gd32e10x_gpio.o
        26          0          0          0          0       4166   gd32e10x_it.o
       252         28          0          0          0       2772   gd32e10x_misc.o
       484         48          0          0          0       3244   gd32e10x_rcu.o
       198          6          0          0          0       5232   gd32e10x_spi.o
       540         16          0          0          0      10327   gd32e10x_usart.o
      3052        436          0         28        808      12964   main.o
       154          0          0          0          0       2596   math_ops.o
        64         26        336          0       2048        948   startup_gd32e10x.o
       348         38          0          4          0      65735   system_gd32e10x.o

    ----------------------------------------------------------------------
     10594        852        560         80       3176     143005   Object Totals
         0          0         32          0          0          0   (incl. Generated)
        22          0          0          4          0          0   (incl. Padding)

    ----------------------------------------------------------------------

      Code (inc. data)   RO Data    RW Data    ZI Data      Debug   Library Member Name

         8          0          0          0          0         68   __main.o
       284          0          0          0          0        156   __printf_wp.o
         0          0          0          0          0          0   __rtentry.o
        12          0          0          0          0          0   __rtentry2.o
         6          0          0          0          0          0   __rtentry4.o
        52          8          0          0          0          0   __scatter.o
        26          0          0          0          0          0   __scatter_copy.o
        28          0          0          0          0          0   __scatter_zi.o
        48          6          0          0          0         96   _printf_char_common.o
        36          4          0          0          0         80   _printf_char_file.o
         0          0          0          0          0          0   _printf_percent.o
         4          0          0          0          0          0   _printf_percent_end.o
        18          0          0          0          0         80   exit.o
         8          0          0          0          0         68   ferror.o
         6          0          0          0          0        152   heapauxi.o
         2          0          0          0          0          0   libinit.o
         6          0          0          0          0          0   libinit2.o
         2          0          0          0          0          0   libshutdown.o
         2          0          0          0          0          0   libshutdown2.o
         8          4          0          0         96         68   libspace.o
        24          4          0          0          0         84   noretval__2printf.o
        68          0          0          0          0         68   rt_memclr.o
        78          0          0          0          0         80   rt_memclr_w.o
       138          0          0          0          0         68   rt_memcpy_v6.o
       100          0          0          0          0         80   rt_memcpy_w.o
         2          0          0          0          0          0   rtexit.o
        10          0          0          0          0          0   rtexit2.o
        74          0          0          0          0         80   sys_stackheap_outer.o
         2          0          0          0          0         68   use_no_semi.o
         2          0          0          0          0         68   use_no_semi_2.o
       120          4          0          0          0        152   dfixull.o
        38          0          0          0          0        116   dflt_clz.o
       340         12          0          0          0        152   dmul.o
       156          4          0          0          0        140   dnaninf.o
        12          0          0          0          0        116   dretinf.o
        86          4          0          0          0        132   f2d.o
       140          4          0          0          0        132   fnaninf.o
        10          0          0          0          0        116   fpinit.o
         0          0          0          0          0          0   usenofp.o

    ----------------------------------------------------------------------
      1966         54          0          0         96       2420   Library Totals
        10          0          0          0          0          0   (incl. Padding)

    ----------------------------------------------------------------------

      Code (inc. data)   RO Data    RW Data    ZI Data      Debug   Library Name

      1054         26          0          0         96       1364   c_w.l
       902         28          0          0          0       1056   fz_wm.l

    ----------------------------------------------------------------------
      1966         54          0          0         96       2420   Library Totals

    ----------------------------------------------------------------------

==============================================================================


      Code (inc. data)   RO Data    RW Data    ZI Data      Debug   

     12560        906        560         80       3272     134649   Grand Totals
     12560        906        560         80       3272     134649   ELF Image Totals
     12560        906        560         80          0          0   ROM Totals

==============================================================================

    Total RO  Size (Code + RO Data)                13120 (  12.81kB)
    Total RW  Size (RW Data + ZI Data)              3352 (   3.27kB)
    Total ROM Size (Code + RO Data + RW Data)      13200 (  12.89kB)

==============================================================================

