<html>
<body>
<pre>
<h1>µVision Build Log</h1>
<h2>Tool Versions:</h2>
IDE-Version: ¦ÌVision V5.26.2.0
Copyright (C) 2018 ARM Ltd and ARM Germany GmbH. All rights reserved.
License Information: Tianqi Zhang, XunMi, LIC=UB4EI-TA2C8-D3GM3-ATRSQ-I2FWQ-5WL06
 
Tool Versions:
Toolchain:       MDK-ARM Professional  Version: 5.26.2.0
Toolchain Path:  C:\Keil_v5\ARM\ARMCC\Bin
C Compiler:      Armcc.exe V5.06 update 6 (build 750)
Assembler:       Armasm.exe V5.06 update 6 (build 750)
Linker/Locator:  ArmLink.exe V5.06 update 6 (build 750)
Library Manager: ArmAr.exe V5.06 update 6 (build 750)
Hex Converter:   FromElf.exe V5.06 update 6 (build 750)
CPU DLL:         SARMCM3.DLL V5.26.2.0
Dialog DLL:      DCM.DLL V1.17.2.0
Target DLL:      STLink\ST-LINKIII-KEIL_SWO.dll V3.0.5.0
Dialog DLL:      TCM.DLL V1.36.1.0
 
<h2>Project:</h2>
C:\Users\EDZ\Desktop\spi_can-master\software\Project\spi_can.uvprojx
Project File Date:  12/22/2020

<h2>Output:</h2>
*** Using Compiler 'V5.06 update 6 (build 750)', folder: 'C:\Keil_v5\ARM\ARMCC\Bin'
Rebuild target 'dog_spi2can'
assembling startup_gd32e10x.s...
compiling system_gd32e10x.c...
compiling gd32e10x_crc.c...
compiling gd32e10x_bkp.c...
compiling gd32e10x_ctc.c...
compiling gd32e10x_adc.c...
compiling gd32e10x_can.c...
compiling gd32e10x_dac.c...
compiling gd32e10x_dbg.c...
compiling gd32e10x_exmc.c...
compiling gd32e10x_exti.c...
compiling gd32e10x_dma.c...
compiling gd32e10x_fmc.c...
compiling gd32e10x_fwdgt.c...
compiling gd32e10x_gpio.c...
compiling gd32e10x_i2c.c...
compiling gd32e10x_misc.c...
compiling gd32e10x_pmu.c...
compiling gd32e10x_rtc.c...
compiling gd32e10x_rcu.c...
compiling gd32e10x_spi.c...
compiling gd32e10x_timer.c...
compiling BSP_Config.c...
compiling gd32e10x_wwdgt.c...
compiling gd32e10x_usart.c...
compiling bsp_can.c...
compiling bsp_delay.c...
compiling bsp_gpio.c...
compiling bsp_spi.c...
compiling math_ops.c...
compiling bsp_timer.c...
compiling bsp_uart.c...
compiling bsp_exit.c...
compiling gd32e10x_it.c...
compiling bsp_dma.c...
compiling main.c...
linking...
Program Size: Code=12560 RO-data=560 RW-data=80 ZI-data=3272  
FromELF: creating hex file...
After Build - User command #1: fromelf.exe --bin  ./Objects/spi_can.axf  --output  ./bin/spi_can.bin
".\Objects\spi_can.axf" - 0 Error(s), 0 Warning(s).

<h2>Software Packages used:</h2>

Package Vendor: GigaDevice
                http://gd32mcu.com/data/documents/pack/GigaDevice.GD32E10x_DFP.1.0.3.pack
                GigaDevice.GD32E10x_DFP.1.0.3
                GigaDevice GD32E10x Series Device Support and Examples

<h2>Collection of Component include folders:</h2>
  .\RTE\_dog_spi2can
  C:\Keil_v5\ARM\PACK\GigaDevice\GD32E10x_DFP\1.0.3\Device\Include

<h2>Collection of Component Files used:</h2>
Build Time Elapsed:  00:00:02
</pre>
</body>
</html>
